make -C go test
make[1]: Entering directory '/home/danto/prj/access-manager/go'
go clean -testcache
go test -race ./...
ok  	github.com/dtorabi/access-manager/cmd/server	2.002s
?   	github.com/dtorabi/access-manager/e2e	[no test files]
ok  	github.com/dtorabi/access-manager/internal/access	1.022s
{"time":"2026-04-29T19:27:40.21575974-03:00","level":"INFO","msg":"audit","audit":true,"action":"domain_create","domain_id":"3d8ed75b-0718-4bb7-8e15-94f57c84f42a"}
{"time":"2026-04-29T19:27:40.375190937-03:00","level":"INFO","msg":"audit","audit":true,"action":"domain_create","domain_id":"aeaa037f-981d-48dd-96fe-9aa89d7d9ca5"}
{"time":"2026-04-29T19:27:40.386004455-03:00","level":"INFO","msg":"audit","audit":true,"action":"domain_create","domain_id":"e41d65d3-8ba6-43b5-903c-6fd2c84ece43"}
{"time":"2026-04-29T19:27:40.39722619-03:00","level":"INFO","msg":"audit","audit":true,"action":"user_create","domain_id":"aeaa037f-981d-48dd-96fe-9aa89d7d9ca5","user_id":"e3af84f3-c57a-448f-aadb-cb9db12046c4"}
{"time":"2026-04-29T19:27:40.403443875-03:00","level":"INFO","msg":"audit","audit":true,"action":"user_create","domain_id":"e41d65d3-8ba6-43b5-903c-6fd2c84ece43","user_id":"8d22123f-0d81-472b-868c-ccacb4035fd4"}
{"time":"2026-04-29T19:27:40.41665936-03:00","level":"INFO","msg":"audit","audit":true,"action":"group_create","domain_id":"aeaa037f-981d-48dd-96fe-9aa89d7d9ca5","group_id":"67f3a234-9cbe-4a9b-a935-917951b451f8","parent_root":true}
{"time":"2026-04-29T19:27:40.423293187-03:00","level":"INFO","msg":"audit","audit":true,"action":"group_create","domain_id":"e41d65d3-8ba6-43b5-903c-6fd2c84ece43","group_id":"6c0ea2b8-5f43-47c8-80e1-a5c662570c97","parent_root":true}
{"time":"2026-04-29T19:27:40.429440771-03:00","level":"INFO","msg":"audit","audit":true,"action":"resource_create","domain_id":"aeaa037f-981d-48dd-96fe-9aa89d7d9ca5","resource_id":"c113dd1f-df04-4a74-b7e6-67224185334b"}
{"time":"2026-04-29T19:27:40.435881605-03:00","level":"INFO","msg":"audit","audit":true,"action":"resource_create","domain_id":"e41d65d3-8ba6-43b5-903c-6fd2c84ece43","resource_id":"7e934041-0744-4212-aabe-b914c8c4d9f5"}
{"time":"2026-04-29T19:27:40.442464416-03:00","level":"INFO","msg":"audit","audit":true,"action":"access_type_create","domain_id":"aeaa037f-981d-48dd-96fe-9aa89d7d9ca5","access_type_id":"53438551-c0dd-404f-8d8e-22ad0ba2fd5c","bit":1}
{"time":"2026-04-29T19:27:40.449024124-03:00","level":"INFO","msg":"audit","audit":true,"action":"access_type_create","domain_id":"e41d65d3-8ba6-43b5-903c-6fd2c84ece43","access_type_id":"039b237a-5cd3-47f8-8596-33f249677763","bit":1}
{"time":"2026-04-29T19:27:40.455357386-03:00","level":"INFO","msg":"audit","audit":true,"action":"permission_create","domain_id":"aeaa037f-981d-48dd-96fe-9aa89d7d9ca5","permission_id":"b9c1ec10-72bf-47fa-996e-69b73bda0107","resource_id":"c113dd1f-df04-4a74-b7e6-67224185334b","access_mask":1}
{"time":"2026-04-29T19:27:40.463686263-03:00","level":"WARN","msg":"request error","status":404,"err":"store: not found","method":"GET","path":"/api/v1/domains/e41d65d3-8ba6-43b5-903c-6fd2c84ece43/users/e3af84f3-c57a-448f-aadb-cb9db12046c4"}
{"time":"2026-04-29T19:27:40.465973705-03:00","level":"WARN","msg":"request error","status":404,"err":"store: not found","method":"GET","path":"/api/v1/domains/aeaa037f-981d-48dd-96fe-9aa89d7d9ca5/users/8d22123f-0d81-472b-868c-ccacb4035fd4"}
{"time":"2026-04-29T19:27:40.480395974-03:00","level":"INFO","msg":"audit","audit":true,"action":"add_user_to_group","domain_id":"aeaa037f-981d-48dd-96fe-9aa89d7d9ca5","user_id":"e3af84f3-c57a-448f-aadb-cb9db12046c4","group_id":"67f3a234-9cbe-4a9b-a935-917951b451f8"}
{"time":"2026-04-29T19:27:40.491007073-03:00","level":"INFO","msg":"audit","audit":true,"action":"grant_group_permission","domain_id":"aeaa037f-981d-48dd-96fe-9aa89d7d9ca5","group_id":"67f3a234-9cbe-4a9b-a935-917951b451f8","permission_id":"b9c1ec10-72bf-47fa-996e-69b73bda0107"}
{"time":"2026-04-29T19:27:40.654527001-03:00","level":"INFO","msg":"audit","audit":true,"action":"domain_create","domain_id":"e7e9e59f-ae27-45a0-b24d-58e91d1482db"}
{"time":"2026-04-29T19:27:40.66922632-03:00","level":"INFO","msg":"audit","audit":true,"action":"user_create","domain_id":"e7e9e59f-ae27-45a0-b24d-58e91d1482db","user_id":"ce98c815-7964-4145-9ddf-7aec26f9a392"}
{"time":"2026-04-29T19:27:40.686181682-03:00","level":"INFO","msg":"audit","audit":true,"action":"user_create","domain_id":"e7e9e59f-ae27-45a0-b24d-58e91d1482db","user_id":"83d1b9e2-101a-4c25-85d7-ce36f9f4b340"}
{"time":"2026-04-29T19:27:40.69617442-03:00","level":"INFO","msg":"audit","audit":true,"action":"user_create","domain_id":"e7e9e59f-ae27-45a0-b24d-58e91d1482db","user_id":"367ed010-ffdb-4663-b534-470dc630efbf"}
{"time":"2026-04-29T19:27:40.703486309-03:00","level":"INFO","msg":"audit","audit":true,"action":"user_create","domain_id":"e7e9e59f-ae27-45a0-b24d-58e91d1482db","user_id":"0e6a0a9b-25b8-4653-834e-0fc82b239242"}
{"time":"2026-04-29T19:27:40.711510674-03:00","level":"INFO","msg":"audit","audit":true,"action":"user_create","domain_id":"e7e9e59f-ae27-45a0-b24d-58e91d1482db","user_id":"06e52513-fcfc-40d0-a111-e9e2e3764975"}
{"time":"2026-04-29T19:27:40.71744049-03:00","level":"INFO","msg":"audit","audit":true,"action":"user_create","domain_id":"e7e9e59f-ae27-45a0-b24d-58e91d1482db","user_id":"2b3761d4-911f-4fdf-9fdf-f0287b21ee7a"}
{"time":"2026-04-29T19:27:40.723256231-03:00","level":"INFO","msg":"audit","audit":true,"action":"user_create","domain_id":"e7e9e59f-ae27-45a0-b24d-58e91d1482db","user_id":"33e88a88-c729-4452-bbfc-0ce605fe857a"}
{"time":"2026-04-29T19:27:40.729382506-03:00","level":"INFO","msg":"audit","audit":true,"action":"user_create","domain_id":"e7e9e59f-ae27-45a0-b24d-58e91d1482db","user_id":"e8718dff-1de8-4881-a361-0de707511796"}
{"time":"2026-04-29T19:27:40.741453744-03:00","level":"INFO","msg":"audit","audit":true,"action":"user_create","domain_id":"e7e9e59f-ae27-45a0-b24d-58e91d1482db","user_id":"b526168e-d839-4937-b8fa-f543fd88d9bb"}
{"time":"2026-04-29T19:27:40.747444474-03:00","level":"INFO","msg":"audit","audit":true,"action":"user_create","domain_id":"e7e9e59f-ae27-45a0-b24d-58e91d1482db","user_id":"add17131-2a1e-4c1a-a78e-ecd8186d6919"}
{"time":"2026-04-29T19:27:40.753215902-03:00","level":"INFO","msg":"audit","audit":true,"action":"user_create","domain_id":"e7e9e59f-ae27-45a0-b24d-58e91d1482db","user_id":"f618f1ef-c01c-4fa4-b8e8-0b6589b9eb4b"}
{"time":"2026-04-29T19:27:40.762276642-03:00","level":"INFO","msg":"audit","audit":true,"action":"user_create","domain_id":"e7e9e59f-ae27-45a0-b24d-58e91d1482db","user_id":"1f97a48b-2160-4818-bf2d-56f9f5fcbf26"}
{"time":"2026-04-29T19:27:40.770241576-03:00","level":"INFO","msg":"audit","audit":true,"action":"user_create","domain_id":"e7e9e59f-ae27-45a0-b24d-58e91d1482db","user_id":"a1f6fe34-c369-4a31-98a3-f62ab388ba40"}
{"time":"2026-04-29T19:27:40.776433724-03:00","level":"INFO","msg":"audit","audit":true,"action":"user_create","domain_id":"e7e9e59f-ae27-45a0-b24d-58e91d1482db","user_id":"4b79cf15-9623-494a-85b6-569d71fea747"}
{"time":"2026-04-29T19:27:40.784124613-03:00","level":"INFO","msg":"audit","audit":true,"action":"user_create","domain_id":"e7e9e59f-ae27-45a0-b24d-58e91d1482db","user_id":"3d6a28f6-2d41-4f02-b819-aa97faed8163"}
{"time":"2026-04-29T19:27:40.795790702-03:00","level":"INFO","msg":"audit","audit":true,"action":"user_create","domain_id":"e7e9e59f-ae27-45a0-b24d-58e91d1482db","user_id":"e146fb92-f1fe-408f-84b9-755dcd6cc46c"}
{"time":"2026-04-29T19:27:40.802408428-03:00","level":"INFO","msg":"audit","audit":true,"action":"user_create","domain_id":"e7e9e59f-ae27-45a0-b24d-58e91d1482db","user_id":"310f828c-6e95-408e-b274-641d4318b359"}
{"time":"2026-04-29T19:27:40.814060079-03:00","level":"INFO","msg":"audit","audit":true,"action":"user_create","domain_id":"e7e9e59f-ae27-45a0-b24d-58e91d1482db","user_id":"34abd57c-9832-4142-9897-c1d7e82603f1"}
{"time":"2026-04-29T19:27:40.815530808-03:00","level":"INFO","msg":"audit","audit":true,"action":"user_patch","domain_id":"e7e9e59f-ae27-45a0-b24d-58e91d1482db","user_id":"f618f1ef-c01c-4fa4-b8e8-0b6589b9eb4b"}
{"time":"2026-04-29T19:27:40.821546465-03:00","level":"INFO","msg":"audit","audit":true,"action":"user_create","domain_id":"e7e9e59f-ae27-45a0-b24d-58e91d1482db","user_id":"bbc6f493-c0b6-45dd-ba5a-3724baa16933"}
{"time":"2026-04-29T19:27:40.84358289-03:00","level":"INFO","msg":"audit","audit":true,"action":"user_patch","domain_id":"e7e9e59f-ae27-45a0-b24d-58e91d1482db","user_id":"0e6a0a9b-25b8-4653-834e-0fc82b239242"}
{"time":"2026-04-29T19:27:40.863172424-03:00","level":"INFO","msg":"audit","audit":true,"action":"user_delete","domain_id":"e7e9e59f-ae27-45a0-b24d-58e91d1482db","user_id":"f618f1ef-c01c-4fa4-b8e8-0b6589b9eb4b"}
{"time":"2026-04-29T19:27:40.876302208-03:00","level":"INFO","msg":"audit","audit":true,"action":"user_create","domain_id":"e7e9e59f-ae27-45a0-b24d-58e91d1482db","user_id":"e1922683-47d8-49b0-9fe3-3d26c01dda5f"}
{"time":"2026-04-29T19:27:40.877802944-03:00","level":"INFO","msg":"audit","audit":true,"action":"user_patch","domain_id":"e7e9e59f-ae27-45a0-b24d-58e91d1482db","user_id":"06e52513-fcfc-40d0-a111-e9e2e3764975"}
{"time":"2026-04-29T19:27:40.91096885-03:00","level":"INFO","msg":"audit","audit":true,"action":"user_patch","domain_id":"e7e9e59f-ae27-45a0-b24d-58e91d1482db","user_id":"367ed010-ffdb-4663-b534-470dc630efbf"}
{"time":"2026-04-29T19:27:40.924125054-03:00","level":"INFO","msg":"audit","audit":true,"action":"user_patch","domain_id":"e7e9e59f-ae27-45a0-b24d-58e91d1482db","user_id":"33e88a88-c729-4452-bbfc-0ce605fe857a"}
{"time":"2026-04-29T19:27:40.931178207-03:00","level":"INFO","msg":"audit","audit":true,"action":"user_delete","domain_id":"e7e9e59f-ae27-45a0-b24d-58e91d1482db","user_id":"0e6a0a9b-25b8-4653-834e-0fc82b239242"}
{"time":"2026-04-29T19:27:40.931960505-03:00","level":"INFO","msg":"audit","audit":true,"action":"user_patch","domain_id":"e7e9e59f-ae27-45a0-b24d-58e91d1482db","user_id":"2b3761d4-911f-4fdf-9fdf-f0287b21ee7a"}
{"time":"2026-04-29T19:27:40.932808015-03:00","level":"INFO","msg":"audit","audit":true,"action":"user_patch","domain_id":"e7e9e59f-ae27-45a0-b24d-58e91d1482db","user_id":"e146fb92-f1fe-408f-84b9-755dcd6cc46c"}
{"time":"2026-04-29T19:27:40.934298732-03:00","level":"INFO","msg":"audit","audit":true,"action":"user_patch","domain_id":"e7e9e59f-ae27-45a0-b24d-58e91d1482db","user_id":"e1922683-47d8-49b0-9fe3-3d26c01dda5f"}
{"time":"2026-04-29T19:27:40.948923982-03:00","level":"INFO","msg":"audit","audit":true,"action":"user_delete","domain_id":"e7e9e59f-ae27-45a0-b24d-58e91d1482db","user_id":"06e52513-fcfc-40d0-a111-e9e2e3764975"}
{"time":"2026-04-29T19:27:40.9615225-03:00","level":"INFO","msg":"audit","audit":true,"action":"user_delete","domain_id":"e7e9e59f-ae27-45a0-b24d-58e91d1482db","user_id":"367ed010-ffdb-4663-b534-470dc630efbf"}
{"time":"2026-04-29T19:27:40.980932327-03:00","level":"INFO","msg":"audit","audit":true,"action":"user_delete","domain_id":"e7e9e59f-ae27-45a0-b24d-58e91d1482db","user_id":"e146fb92-f1fe-408f-84b9-755dcd6cc46c"}
{"time":"2026-04-29T19:27:41.00861239-03:00","level":"INFO","msg":"audit","audit":true,"action":"user_patch","domain_id":"e7e9e59f-ae27-45a0-b24d-58e91d1482db","user_id":"1f97a48b-2160-4818-bf2d-56f9f5fcbf26"}
{"time":"2026-04-29T19:27:41.008863091-03:00","level":"INFO","msg":"audit","audit":true,"action":"user_delete","domain_id":"e7e9e59f-ae27-45a0-b24d-58e91d1482db","user_id":"e1922683-47d8-49b0-9fe3-3d26c01dda5f"}
{"time":"2026-04-29T19:27:41.009578693-03:00","level":"INFO","msg":"audit","audit":true,"action":"user_patch","domain_id":"e7e9e59f-ae27-45a0-b24d-58e91d1482db","user_id":"ce98c815-7964-4145-9ddf-7aec26f9a392"}
{"time":"2026-04-29T19:27:41.011493476-03:00","level":"INFO","msg":"audit","audit":true,"action":"user_patch","domain_id":"e7e9e59f-ae27-45a0-b24d-58e91d1482db","user_id":"34abd57c-9832-4142-9897-c1d7e82603f1"}
{"time":"2026-04-29T19:27:41.023422648-03:00","level":"INFO","msg":"audit","audit":true,"action":"user_delete","domain_id":"e7e9e59f-ae27-45a0-b24d-58e91d1482db","user_id":"2b3761d4-911f-4fdf-9fdf-f0287b21ee7a"}
{"time":"2026-04-29T19:27:41.026049957-03:00","level":"INFO","msg":"audit","audit":true,"action":"user_patch","domain_id":"e7e9e59f-ae27-45a0-b24d-58e91d1482db","user_id":"83d1b9e2-101a-4c25-85d7-ce36f9f4b340"}
{"time":"2026-04-29T19:27:41.026871649-03:00","level":"INFO","msg":"audit","audit":true,"action":"user_patch","domain_id":"e7e9e59f-ae27-45a0-b24d-58e91d1482db","user_id":"add17131-2a1e-4c1a-a78e-ecd8186d6919"}
{"time":"2026-04-29T19:27:41.027004418-03:00","level":"INFO","msg":"audit","audit":true,"action":"user_patch","domain_id":"e7e9e59f-ae27-45a0-b24d-58e91d1482db","user_id":"e8718dff-1de8-4881-a361-0de707511796"}
{"time":"2026-04-29T19:27:41.038217055-03:00","level":"INFO","msg":"audit","audit":true,"action":"user_delete","domain_id":"e7e9e59f-ae27-45a0-b24d-58e91d1482db","user_id":"33e88a88-c729-4452-bbfc-0ce605fe857a"}
{"time":"2026-04-29T19:27:41.055129526-03:00","level":"INFO","msg":"audit","audit":true,"action":"user_delete","domain_id":"e7e9e59f-ae27-45a0-b24d-58e91d1482db","user_id":"add17131-2a1e-4c1a-a78e-ecd8186d6919"}
{"time":"2026-04-29T19:27:41.062252911-03:00","level":"INFO","msg":"audit","audit":true,"action":"user_delete","domain_id":"e7e9e59f-ae27-45a0-b24d-58e91d1482db","user_id":"34abd57c-9832-4142-9897-c1d7e82603f1"}
{"time":"2026-04-29T19:27:41.078338992-03:00","level":"INFO","msg":"audit","audit":true,"action":"user_delete","domain_id":"e7e9e59f-ae27-45a0-b24d-58e91d1482db","user_id":"1f97a48b-2160-4818-bf2d-56f9f5fcbf26"}
{"time":"2026-04-29T19:27:41.07914233-03:00","level":"INFO","msg":"audit","audit":true,"action":"user_patch","domain_id":"e7e9e59f-ae27-45a0-b24d-58e91d1482db","user_id":"3d6a28f6-2d41-4f02-b819-aa97faed8163"}
{"time":"2026-04-29T19:27:41.093334387-03:00","level":"INFO","msg":"audit","audit":true,"action":"user_delete","domain_id":"e7e9e59f-ae27-45a0-b24d-58e91d1482db","user_id":"3d6a28f6-2d41-4f02-b819-aa97faed8163"}
{"time":"2026-04-29T19:27:41.100204487-03:00","level":"INFO","msg":"audit","audit":true,"action":"user_delete","domain_id":"e7e9e59f-ae27-45a0-b24d-58e91d1482db","user_id":"ce98c815-7964-4145-9ddf-7aec26f9a392"}
{"time":"2026-04-29T19:27:41.101029314-03:00","level":"INFO","msg":"audit","audit":true,"action":"user_patch","domain_id":"e7e9e59f-ae27-45a0-b24d-58e91d1482db","user_id":"bbc6f493-c0b6-45dd-ba5a-3724baa16933"}
{"time":"2026-04-29T19:27:41.114145984-03:00","level":"INFO","msg":"audit","audit":true,"action":"user_delete","domain_id":"e7e9e59f-ae27-45a0-b24d-58e91d1482db","user_id":"e8718dff-1de8-4881-a361-0de707511796"}
{"time":"2026-04-29T19:27:41.122349115-03:00","level":"INFO","msg":"audit","audit":true,"action":"user_delete","domain_id":"e7e9e59f-ae27-45a0-b24d-58e91d1482db","user_id":"bbc6f493-c0b6-45dd-ba5a-3724baa16933"}
{"time":"2026-04-29T19:27:41.134177117-03:00","level":"INFO","msg":"audit","audit":true,"action":"user_patch","domain_id":"e7e9e59f-ae27-45a0-b24d-58e91d1482db","user_id":"310f828c-6e95-408e-b274-641d4318b359"}
{"time":"2026-04-29T19:27:41.134930039-03:00","level":"INFO","msg":"audit","audit":true,"action":"user_patch","domain_id":"e7e9e59f-ae27-45a0-b24d-58e91d1482db","user_id":"b526168e-d839-4937-b8fa-f543fd88d9bb"}
{"time":"2026-04-29T19:27:41.135647956-03:00","level":"INFO","msg":"audit","audit":true,"action":"user_patch","domain_id":"e7e9e59f-ae27-45a0-b24d-58e91d1482db","user_id":"4b79cf15-9623-494a-85b6-569d71fea747"}
{"time":"2026-04-29T19:27:41.149922138-03:00","level":"INFO","msg":"audit","audit":true,"action":"user_delete","domain_id":"e7e9e59f-ae27-45a0-b24d-58e91d1482db","user_id":"83d1b9e2-101a-4c25-85d7-ce36f9f4b340"}
{"time":"2026-04-29T19:27:41.1598212-03:00","level":"INFO","msg":"audit","audit":true,"action":"user_delete","domain_id":"e7e9e59f-ae27-45a0-b24d-58e91d1482db","user_id":"310f828c-6e95-408e-b274-641d4318b359"}
{"time":"2026-04-29T19:27:41.16692028-03:00","level":"INFO","msg":"audit","audit":true,"action":"user_delete","domain_id":"e7e9e59f-ae27-45a0-b24d-58e91d1482db","user_id":"b526168e-d839-4937-b8fa-f543fd88d9bb"}
{"time":"2026-04-29T19:27:41.167730249-03:00","level":"INFO","msg":"audit","audit":true,"action":"user_patch","domain_id":"e7e9e59f-ae27-45a0-b24d-58e91d1482db","user_id":"a1f6fe34-c369-4a31-98a3-f62ab388ba40"}
{"time":"2026-04-29T19:27:41.202155268-03:00","level":"INFO","msg":"audit","audit":true,"action":"user_delete","domain_id":"e7e9e59f-ae27-45a0-b24d-58e91d1482db","user_id":"4b79cf15-9623-494a-85b6-569d71fea747"}
{"time":"2026-04-29T19:27:41.209454262-03:00","level":"INFO","msg":"audit","audit":true,"action":"user_delete","domain_id":"e7e9e59f-ae27-45a0-b24d-58e91d1482db","user_id":"a1f6fe34-c369-4a31-98a3-f62ab388ba40"}
{"time":"2026-04-29T19:27:41.383099177-03:00","level":"INFO","msg":"audit","audit":true,"action":"domain_create","domain_id":"1c95fa4f-0d2d-4637-9e5e-327bc0d2de66"}
{"time":"2026-04-29T19:27:41.390207494-03:00","level":"INFO","msg":"audit","audit":true,"action":"group_create","domain_id":"1c95fa4f-0d2d-4637-9e5e-327bc0d2de66","group_id":"2a4dd9ff-9ea8-4659-93c3-0463dd38cbec","parent_root":true}
{"time":"2026-04-29T19:27:41.397524803-03:00","level":"INFO","msg":"audit","audit":true,"action":"user_create","domain_id":"1c95fa4f-0d2d-4637-9e5e-327bc0d2de66","user_id":"f8b13119-4cb0-41af-bb98-bc5ed4e1eb52"}
{"time":"2026-04-29T19:27:41.404273425-03:00","level":"INFO","msg":"audit","audit":true,"action":"user_create","domain_id":"1c95fa4f-0d2d-4637-9e5e-327bc0d2de66","user_id":"48ccaadb-83f0-4d3d-9fac-8bbf16bf1be9"}
{"time":"2026-04-29T19:27:41.411969644-03:00","level":"INFO","msg":"audit","audit":true,"action":"user_create","domain_id":"1c95fa4f-0d2d-4637-9e5e-327bc0d2de66","user_id":"67cfa2ea-02be-4030-8324-c302d4f3e09f"}
{"time":"2026-04-29T19:27:41.424159215-03:00","level":"INFO","msg":"audit","audit":true,"action":"user_create","domain_id":"1c95fa4f-0d2d-4637-9e5e-327bc0d2de66","user_id":"b973aaf9-3c1e-4251-8588-ca454928b175"}
{"time":"2026-04-29T19:27:41.431081532-03:00","level":"INFO","msg":"audit","audit":true,"action":"user_create","domain_id":"1c95fa4f-0d2d-4637-9e5e-327bc0d2de66","user_id":"5cf6b9d9-1922-41c0-8d9f-f07097dbc879"}
{"time":"2026-04-29T19:27:41.437352007-03:00","level":"INFO","msg":"audit","audit":true,"action":"user_create","domain_id":"1c95fa4f-0d2d-4637-9e5e-327bc0d2de66","user_id":"3cc4e3f2-9177-413c-8d27-baf04403d3ea"}
{"time":"2026-04-29T19:27:41.444244669-03:00","level":"INFO","msg":"audit","audit":true,"action":"user_create","domain_id":"1c95fa4f-0d2d-4637-9e5e-327bc0d2de66","user_id":"aaba0f75-b476-4830-a0ae-b3081ebd6bbd"}
{"time":"2026-04-29T19:27:41.451289918-03:00","level":"INFO","msg":"audit","audit":true,"action":"user_create","domain_id":"1c95fa4f-0d2d-4637-9e5e-327bc0d2de66","user_id":"166ae801-eb90-408f-80f1-7a0a4d2cb9df"}
{"time":"2026-04-29T19:27:41.457985871-03:00","level":"INFO","msg":"audit","audit":true,"action":"user_create","domain_id":"1c95fa4f-0d2d-4637-9e5e-327bc0d2de66","user_id":"96bf9433-1bbc-4ea7-80a2-d92ccf896bf7"}
{"time":"2026-04-29T19:27:41.464375078-03:00","level":"INFO","msg":"audit","audit":true,"action":"user_create","domain_id":"1c95fa4f-0d2d-4637-9e5e-327bc0d2de66","user_id":"62749c63-a64a-47fd-90d5-f9bee559871d"}
{"time":"2026-04-29T19:27:41.476629119-03:00","level":"INFO","msg":"audit","audit":true,"action":"user_create","domain_id":"1c95fa4f-0d2d-4637-9e5e-327bc0d2de66","user_id":"b5134cad-44a3-4f8f-815d-f19eb0ca1253"}
{"time":"2026-04-29T19:27:41.482984043-03:00","level":"INFO","msg":"audit","audit":true,"action":"user_create","domain_id":"1c95fa4f-0d2d-4637-9e5e-327bc0d2de66","user_id":"1bdd3775-66fa-410d-8957-4343d915a50c"}
{"time":"2026-04-29T19:27:41.489246492-03:00","level":"INFO","msg":"audit","audit":true,"action":"user_create","domain_id":"1c95fa4f-0d2d-4637-9e5e-327bc0d2de66","user_id":"7976ebe0-fa01-4d0a-91ce-b79f1e6c79b9"}
{"time":"2026-04-29T19:27:41.495889155-03:00","level":"INFO","msg":"audit","audit":true,"action":"user_create","domain_id":"1c95fa4f-0d2d-4637-9e5e-327bc0d2de66","user_id":"55e9b26d-c156-4f96-8bbc-e4a33bbe6f7b"}
{"time":"2026-04-29T19:27:41.502170711-03:00","level":"INFO","msg":"audit","audit":true,"action":"user_create","domain_id":"1c95fa4f-0d2d-4637-9e5e-327bc0d2de66","user_id":"eb3cad6e-330a-48ef-aec0-8404353af595"}
{"time":"2026-04-29T19:27:41.51058615-03:00","level":"INFO","msg":"audit","audit":true,"action":"add_user_to_group","domain_id":"1c95fa4f-0d2d-4637-9e5e-327bc0d2de66","user_id":"b973aaf9-3c1e-4251-8588-ca454928b175","group_id":"2a4dd9ff-9ea8-4659-93c3-0463dd38cbec"}
{"time":"2026-04-29T19:27:41.516416539-03:00","level":"INFO","msg":"audit","audit":true,"action":"add_user_to_group","domain_id":"1c95fa4f-0d2d-4637-9e5e-327bc0d2de66","user_id":"67cfa2ea-02be-4030-8324-c302d4f3e09f","group_id":"2a4dd9ff-9ea8-4659-93c3-0463dd38cbec"}
{"time":"2026-04-29T19:27:41.52297269-03:00","level":"INFO","msg":"audit","audit":true,"action":"add_user_to_group","domain_id":"1c95fa4f-0d2d-4637-9e5e-327bc0d2de66","user_id":"166ae801-eb90-408f-80f1-7a0a4d2cb9df","group_id":"2a4dd9ff-9ea8-4659-93c3-0463dd38cbec"}
{"time":"2026-04-29T19:27:41.534658815-03:00","level":"INFO","msg":"audit","audit":true,"action":"add_user_to_group","domain_id":"1c95fa4f-0d2d-4637-9e5e-327bc0d2de66","user_id":"eb3cad6e-330a-48ef-aec0-8404353af595","group_id":"2a4dd9ff-9ea8-4659-93c3-0463dd38cbec"}
{"time":"2026-04-29T19:27:41.540927377-03:00","level":"INFO","msg":"audit","audit":true,"action":"add_user_to_group","domain_id":"1c95fa4f-0d2d-4637-9e5e-327bc0d2de66","user_id":"aaba0f75-b476-4830-a0ae-b3081ebd6bbd","group_id":"2a4dd9ff-9ea8-4659-93c3-0463dd38cbec"}
{"time":"2026-04-29T19:27:41.546517826-03:00","level":"INFO","msg":"audit","audit":true,"action":"add_user_to_group","domain_id":"1c95fa4f-0d2d-4637-9e5e-327bc0d2de66","user_id":"b5134cad-44a3-4f8f-815d-f19eb0ca1253","group_id":"2a4dd9ff-9ea8-4659-93c3-0463dd38cbec"}
{"time":"2026-04-29T19:27:41.552967186-03:00","level":"INFO","msg":"audit","audit":true,"action":"add_user_to_group","domain_id":"1c95fa4f-0d2d-4637-9e5e-327bc0d2de66","user_id":"7976ebe0-fa01-4d0a-91ce-b79f1e6c79b9","group_id":"2a4dd9ff-9ea8-4659-93c3-0463dd38cbec"}
{"time":"2026-04-29T19:27:41.559720016-03:00","level":"INFO","msg":"audit","audit":true,"action":"add_user_to_group","domain_id":"1c95fa4f-0d2d-4637-9e5e-327bc0d2de66","user_id":"1bdd3775-66fa-410d-8957-4343d915a50c","group_id":"2a4dd9ff-9ea8-4659-93c3-0463dd38cbec"}
{"time":"2026-04-29T19:27:41.565933854-03:00","level":"INFO","msg":"audit","audit":true,"action":"add_user_to_group","domain_id":"1c95fa4f-0d2d-4637-9e5e-327bc0d2de66","user_id":"48ccaadb-83f0-4d3d-9fac-8bbf16bf1be9","group_id":"2a4dd9ff-9ea8-4659-93c3-0463dd38cbec"}
{"time":"2026-04-29T19:27:41.57205013-03:00","level":"INFO","msg":"audit","audit":true,"action":"add_user_to_group","domain_id":"1c95fa4f-0d2d-4637-9e5e-327bc0d2de66","user_id":"55e9b26d-c156-4f96-8bbc-e4a33bbe6f7b","group_id":"2a4dd9ff-9ea8-4659-93c3-0463dd38cbec"}
{"time":"2026-04-29T19:27:41.583704596-03:00","level":"INFO","msg":"audit","audit":true,"action":"add_user_to_group","domain_id":"1c95fa4f-0d2d-4637-9e5e-327bc0d2de66","user_id":"62749c63-a64a-47fd-90d5-f9bee559871d","group_id":"2a4dd9ff-9ea8-4659-93c3-0463dd38cbec"}
{"time":"2026-04-29T19:27:41.59002792-03:00","level":"INFO","msg":"audit","audit":true,"action":"add_user_to_group","domain_id":"1c95fa4f-0d2d-4637-9e5e-327bc0d2de66","user_id":"3cc4e3f2-9177-413c-8d27-baf04403d3ea","group_id":"2a4dd9ff-9ea8-4659-93c3-0463dd38cbec"}
{"time":"2026-04-29T19:27:41.597007755-03:00","level":"INFO","msg":"audit","audit":true,"action":"add_user_to_group","domain_id":"1c95fa4f-0d2d-4637-9e5e-327bc0d2de66","user_id":"f8b13119-4cb0-41af-bb98-bc5ed4e1eb52","group_id":"2a4dd9ff-9ea8-4659-93c3-0463dd38cbec"}
{"time":"2026-04-29T19:27:41.603035294-03:00","level":"INFO","msg":"audit","audit":true,"action":"add_user_to_group","domain_id":"1c95fa4f-0d2d-4637-9e5e-327bc0d2de66","user_id":"5cf6b9d9-1922-41c0-8d9f-f07097dbc879","group_id":"2a4dd9ff-9ea8-4659-93c3-0463dd38cbec"}
{"time":"2026-04-29T19:27:41.609945589-03:00","level":"INFO","msg":"audit","audit":true,"action":"add_user_to_group","domain_id":"1c95fa4f-0d2d-4637-9e5e-327bc0d2de66","user_id":"96bf9433-1bbc-4ea7-80a2-d92ccf896bf7","group_id":"2a4dd9ff-9ea8-4659-93c3-0463dd38cbec"}
{"time":"2026-04-29T19:27:41.617079454-03:00","level":"INFO","msg":"audit","audit":true,"action":"remove_user_from_group","domain_id":"1c95fa4f-0d2d-4637-9e5e-327bc0d2de66","user_id":"48ccaadb-83f0-4d3d-9fac-8bbf16bf1be9","group_id":"2a4dd9ff-9ea8-4659-93c3-0463dd38cbec"}
{"time":"2026-04-29T19:27:41.623116982-03:00","level":"INFO","msg":"audit","audit":true,"action":"remove_user_from_group","domain_id":"1c95fa4f-0d2d-4637-9e5e-327bc0d2de66","user_id":"f8b13119-4cb0-41af-bb98-bc5ed4e1eb52","group_id":"2a4dd9ff-9ea8-4659-93c3-0463dd38cbec"}
{"time":"2026-04-29T19:27:41.630265524-03:00","level":"INFO","msg":"audit","audit":true,"action":"remove_user_from_group","domain_id":"1c95fa4f-0d2d-4637-9e5e-327bc0d2de66","user_id":"b5134cad-44a3-4f8f-815d-f19eb0ca1253","group_id":"2a4dd9ff-9ea8-4659-93c3-0463dd38cbec"}
{"time":"2026-04-29T19:27:41.643554988-03:00","level":"INFO","msg":"audit","audit":true,"action":"remove_user_from_group","domain_id":"1c95fa4f-0d2d-4637-9e5e-327bc0d2de66","user_id":"b973aaf9-3c1e-4251-8588-ca454928b175","group_id":"2a4dd9ff-9ea8-4659-93c3-0463dd38cbec"}
{"time":"2026-04-29T19:27:41.652151427-03:00","level":"INFO","msg":"audit","audit":true,"action":"remove_user_from_group","domain_id":"1c95fa4f-0d2d-4637-9e5e-327bc0d2de66","user_id":"96bf9433-1bbc-4ea7-80a2-d92ccf896bf7","group_id":"2a4dd9ff-9ea8-4659-93c3-0463dd38cbec"}
{"time":"2026-04-29T19:27:41.663025389-03:00","level":"INFO","msg":"audit","audit":true,"action":"remove_user_from_group","domain_id":"1c95fa4f-0d2d-4637-9e5e-327bc0d2de66","user_id":"5cf6b9d9-1922-41c0-8d9f-f07097dbc879","group_id":"2a4dd9ff-9ea8-4659-93c3-0463dd38cbec"}
{"time":"2026-04-29T19:27:41.670290039-03:00","level":"INFO","msg":"audit","audit":true,"action":"remove_user_from_group","domain_id":"1c95fa4f-0d2d-4637-9e5e-327bc0d2de66","user_id":"55e9b26d-c156-4f96-8bbc-e4a33bbe6f7b","group_id":"2a4dd9ff-9ea8-4659-93c3-0463dd38cbec"}
{"time":"2026-04-29T19:27:41.67708644-03:00","level":"INFO","msg":"audit","audit":true,"action":"remove_user_from_group","domain_id":"1c95fa4f-0d2d-4637-9e5e-327bc0d2de66","user_id":"67cfa2ea-02be-4030-8324-c302d4f3e09f","group_id":"2a4dd9ff-9ea8-4659-93c3-0463dd38cbec"}
{"time":"2026-04-29T19:27:41.683252679-03:00","level":"INFO","msg":"audit","audit":true,"action":"remove_user_from_group","domain_id":"1c95fa4f-0d2d-4637-9e5e-327bc0d2de66","user_id":"166ae801-eb90-408f-80f1-7a0a4d2cb9df","group_id":"2a4dd9ff-9ea8-4659-93c3-0463dd38cbec"}
{"time":"2026-04-29T19:27:41.694694937-03:00","level":"INFO","msg":"audit","audit":true,"action":"remove_user_from_group","domain_id":"1c95fa4f-0d2d-4637-9e5e-327bc0d2de66","user_id":"3cc4e3f2-9177-413c-8d27-baf04403d3ea","group_id":"2a4dd9ff-9ea8-4659-93c3-0463dd38cbec"}
{"time":"2026-04-29T19:27:41.701008232-03:00","level":"INFO","msg":"audit","audit":true,"action":"remove_user_from_group","domain_id":"1c95fa4f-0d2d-4637-9e5e-327bc0d2de66","user_id":"eb3cad6e-330a-48ef-aec0-8404353af595","group_id":"2a4dd9ff-9ea8-4659-93c3-0463dd38cbec"}
{"time":"2026-04-29T19:27:41.70746126-03:00","level":"INFO","msg":"audit","audit":true,"action":"remove_user_from_group","domain_id":"1c95fa4f-0d2d-4637-9e5e-327bc0d2de66","user_id":"aaba0f75-b476-4830-a0ae-b3081ebd6bbd","group_id":"2a4dd9ff-9ea8-4659-93c3-0463dd38cbec"}
{"time":"2026-04-29T19:27:41.714160349-03:00","level":"INFO","msg":"audit","audit":true,"action":"remove_user_from_group","domain_id":"1c95fa4f-0d2d-4637-9e5e-327bc0d2de66","user_id":"7976ebe0-fa01-4d0a-91ce-b79f1e6c79b9","group_id":"2a4dd9ff-9ea8-4659-93c3-0463dd38cbec"}
{"time":"2026-04-29T19:27:41.720218775-03:00","level":"INFO","msg":"audit","audit":true,"action":"remove_user_from_group","domain_id":"1c95fa4f-0d2d-4637-9e5e-327bc0d2de66","user_id":"62749c63-a64a-47fd-90d5-f9bee559871d","group_id":"2a4dd9ff-9ea8-4659-93c3-0463dd38cbec"}
{"time":"2026-04-29T19:27:41.728263178-03:00","level":"INFO","msg":"audit","audit":true,"action":"remove_user_from_group","domain_id":"1c95fa4f-0d2d-4637-9e5e-327bc0d2de66","user_id":"1bdd3775-66fa-410d-8957-4343d915a50c","group_id":"2a4dd9ff-9ea8-4659-93c3-0463dd38cbec"}
{"time":"2026-04-29T19:27:41.900373574-03:00","level":"INFO","msg":"audit","audit":true,"action":"domain_create","domain_id":"6950add9-ffa6-42f4-819e-3d226f93ef64"}
{"time":"2026-04-29T19:27:41.906508435-03:00","level":"INFO","msg":"audit","audit":true,"action":"user_create","domain_id":"6950add9-ffa6-42f4-819e-3d226f93ef64","user_id":"dcda35f9-bcbb-45c3-b5fa-86486c00023e"}
{"time":"2026-04-29T19:27:41.911278464-03:00","level":"WARN","msg":"request error","status":400,"err":"store: foreign key constraint violation\nconstraint failed: FOREIGN KEY constraint failed (1811)","method":"DELETE","path":"/api/v1/domains/6950add9-ffa6-42f4-819e-3d226f93ef64"}
{"time":"2026-04-29T19:27:41.918837507-03:00","level":"INFO","msg":"audit","audit":true,"action":"domain_create","domain_id":"77985eba-dc74-4d73-80cc-6f1f750cd85b"}
{"time":"2026-04-29T19:27:41.925172562-03:00","level":"INFO","msg":"audit","audit":true,"action":"group_create","domain_id":"77985eba-dc74-4d73-80cc-6f1f750cd85b","group_id":"9caa2f1b-70d8-4fe0-a9df-7b7bc6181954","parent_root":true}
{"time":"2026-04-29T19:27:41.931364179-03:00","level":"INFO","msg":"audit","audit":true,"action":"group_create","domain_id":"77985eba-dc74-4d73-80cc-6f1f750cd85b","group_id":"280fe006-a176-400f-a0c9-b2cbbbbdf10f","parent_group_id":"9caa2f1b-70d8-4fe0-a9df-7b7bc6181954"}
{"time":"2026-04-29T19:27:41.9341786-03:00","level":"WARN","msg":"request error","status":400,"err":"store: foreign key constraint violation\nconstraint failed: FOREIGN KEY constraint failed (1811)","method":"DELETE","path":"/api/v1/domains/77985eba-dc74-4d73-80cc-6f1f750cd85b/groups/9caa2f1b-70d8-4fe0-a9df-7b7bc6181954"}
{"time":"2026-04-29T19:27:41.941433712-03:00","level":"INFO","msg":"audit","audit":true,"action":"domain_create","domain_id":"6bec9412-c0b1-4b4a-899e-cec71e761ac0"}
{"time":"2026-04-29T19:27:41.953548472-03:00","level":"INFO","msg":"audit","audit":true,"action":"group_create","domain_id":"6bec9412-c0b1-4b4a-899e-cec71e761ac0","group_id":"a2f29ecf-e3e8-4ad8-a1ec-7b587c6cef4b","parent_root":true}
{"time":"2026-04-29T19:27:41.95950618-03:00","level":"INFO","msg":"audit","audit":true,"action":"user_create","domain_id":"6bec9412-c0b1-4b4a-899e-cec71e761ac0","user_id":"62a1f617-5969-4ce3-bfc2-0ae7f7ec8710"}
{"time":"2026-04-29T19:27:41.965925824-03:00","level":"INFO","msg":"audit","audit":true,"action":"add_user_to_group","domain_id":"6bec9412-c0b1-4b4a-899e-cec71e761ac0","user_id":"62a1f617-5969-4ce3-bfc2-0ae7f7ec8710","group_id":"a2f29ecf-e3e8-4ad8-a1ec-7b587c6cef4b"}
{"time":"2026-04-29T19:27:41.969060065-03:00","level":"WARN","msg":"request error","status":400,"err":"store: foreign key constraint violation\nconstraint failed: FOREIGN KEY constraint failed (1811)","method":"DELETE","path":"/api/v1/domains/6bec9412-c0b1-4b4a-899e-cec71e761ac0/groups/a2f29ecf-e3e8-4ad8-a1ec-7b587c6cef4b"}
{"time":"2026-04-29T19:27:41.976317762-03:00","level":"INFO","msg":"audit","audit":true,"action":"domain_create","domain_id":"4d769fbc-af9b-498a-92ef-3fde499828c0"}
{"time":"2026-04-29T19:27:41.982393351-03:00","level":"INFO","msg":"audit","audit":true,"action":"group_create","domain_id":"4d769fbc-af9b-498a-92ef-3fde499828c0","group_id":"ec25e991-c2a3-4b93-8285-5afd05981464","parent_root":true}
{"time":"2026-04-29T19:27:41.988465924-03:00","level":"INFO","msg":"audit","audit":true,"action":"user_create","domain_id":"4d769fbc-af9b-498a-92ef-3fde499828c0","user_id":"2a2514c5-3d29-423b-91fc-d2d5727132bd"}
{"time":"2026-04-29T19:27:41.995386218-03:00","level":"INFO","msg":"audit","audit":true,"action":"add_user_to_group","domain_id":"4d769fbc-af9b-498a-92ef-3fde499828c0","user_id":"2a2514c5-3d29-423b-91fc-d2d5727132bd","group_id":"ec25e991-c2a3-4b93-8285-5afd05981464"}
{"time":"2026-04-29T19:27:41.997690031-03:00","level":"WARN","msg":"request error","status":400,"err":"store: foreign key constraint violation\nconstraint failed: FOREIGN KEY constraint failed (1811)","method":"DELETE","path":"/api/v1/domains/4d769fbc-af9b-498a-92ef-3fde499828c0/users/2a2514c5-3d29-423b-91fc-d2d5727132bd"}
{"time":"2026-04-29T19:27:42.004340969-03:00","level":"INFO","msg":"audit","audit":true,"action":"domain_create","domain_id":"668b36af-5804-4bb5-889c-912c98a5c3a3"}
{"time":"2026-04-29T19:27:42.016145747-03:00","level":"INFO","msg":"audit","audit":true,"action":"resource_create","domain_id":"668b36af-5804-4bb5-889c-912c98a5c3a3","resource_id":"7a62375b-6d00-4e5f-8987-08edfc58da23"}
{"time":"2026-04-29T19:27:42.022470614-03:00","level":"INFO","msg":"audit","audit":true,"action":"permission_create","domain_id":"668b36af-5804-4bb5-889c-912c98a5c3a3","permission_id":"03ae97f0-4029-48df-aef8-28e20d066006","resource_id":"7a62375b-6d00-4e5f-8987-08edfc58da23","access_mask":1}
{"time":"2026-04-29T19:27:42.024545367-03:00","level":"WARN","msg":"request error","status":400,"err":"store: foreign key constraint violation\nconstraint failed: FOREIGN KEY constraint failed (1811)","method":"DELETE","path":"/api/v1/domains/668b36af-5804-4bb5-889c-912c98a5c3a3/resources/7a62375b-6d00-4e5f-8987-08edfc58da23"}
{"time":"2026-04-29T19:27:42.031489776-03:00","level":"INFO","msg":"audit","audit":true,"action":"domain_create","domain_id":"42720a1b-f8b9-4047-983a-7290eddd6c87"}
{"time":"2026-04-29T19:27:42.037911976-03:00","level":"INFO","msg":"audit","audit":true,"action":"resource_create","domain_id":"42720a1b-f8b9-4047-983a-7290eddd6c87","resource_id":"2dfe8033-b54f-40db-ab15-e54041fcb190"}
{"time":"2026-04-29T19:27:42.045103098-03:00","level":"INFO","msg":"audit","audit":true,"action":"permission_create","domain_id":"42720a1b-f8b9-4047-983a-7290eddd6c87","permission_id":"5e3f6417-9f43-4986-862a-5411a77908bb","resource_id":"2dfe8033-b54f-40db-ab15-e54041fcb190","access_mask":1}
{"time":"2026-04-29T19:27:42.051933914-03:00","level":"INFO","msg":"audit","audit":true,"action":"user_create","domain_id":"42720a1b-f8b9-4047-983a-7290eddd6c87","user_id":"c3f532e9-90bf-4dc0-9234-6fbe5f00001b"}
{"time":"2026-04-29T19:27:42.058251898-03:00","level":"INFO","msg":"audit","audit":true,"action":"grant_user_permission","domain_id":"42720a1b-f8b9-4047-983a-7290eddd6c87","user_id":"c3f532e9-90bf-4dc0-9234-6fbe5f00001b","permission_id":"5e3f6417-9f43-4986-862a-5411a77908bb"}
{"time":"2026-04-29T19:27:42.060551873-03:00","level":"WARN","msg":"request error","status":400,"err":"store: foreign key constraint violation\nconstraint failed: FOREIGN KEY constraint failed (1811)","method":"DELETE","path":"/api/v1/domains/42720a1b-f8b9-4047-983a-7290eddd6c87/permissions/5e3f6417-9f43-4986-862a-5411a77908bb"}
{"time":"2026-04-29T19:27:42.073913202-03:00","level":"INFO","msg":"audit","audit":true,"action":"domain_create","domain_id":"46491835-1c10-4abb-b2a3-a38b522eb8ae"}
{"time":"2026-04-29T19:27:42.080226457-03:00","level":"INFO","msg":"audit","audit":true,"action":"resource_create","domain_id":"46491835-1c10-4abb-b2a3-a38b522eb8ae","resource_id":"91d27a6e-5dae-4c00-ba13-320879255c26"}
{"time":"2026-04-29T19:27:42.086389259-03:00","level":"INFO","msg":"audit","audit":true,"action":"permission_create","domain_id":"46491835-1c10-4abb-b2a3-a38b522eb8ae","permission_id":"a02c4fa2-f8e7-49c7-9b7a-78fc653f5fe4","resource_id":"91d27a6e-5dae-4c00-ba13-320879255c26","access_mask":1}
{"time":"2026-04-29T19:27:42.09238555-03:00","level":"INFO","msg":"audit","audit":true,"action":"group_create","domain_id":"46491835-1c10-4abb-b2a3-a38b522eb8ae","group_id":"572b8329-b248-477c-8d1f-55e8902ab92c","parent_root":true}
{"time":"2026-04-29T19:27:42.098498238-03:00","level":"INFO","msg":"audit","audit":true,"action":"grant_group_permission","domain_id":"46491835-1c10-4abb-b2a3-a38b522eb8ae","group_id":"572b8329-b248-477c-8d1f-55e8902ab92c","permission_id":"a02c4fa2-f8e7-49c7-9b7a-78fc653f5fe4"}
{"time":"2026-04-29T19:27:42.1007484-03:00","level":"WARN","msg":"request error","status":400,"err":"store: foreign key constraint violation\nconstraint failed: FOREIGN KEY constraint failed (1811)","method":"DELETE","path":"/api/v1/domains/46491835-1c10-4abb-b2a3-a38b522eb8ae/permissions/a02c4fa2-f8e7-49c7-9b7a-78fc653f5fe4"}
{"time":"2026-04-29T19:27:42.265082245-03:00","level":"INFO","msg":"audit","audit":true,"action":"domain_create","domain_id":"9fe8f7ee-c8c0-4b0d-ab74-ec1ce8bed8c2"}
{"time":"2026-04-29T19:27:42.274133838-03:00","level":"INFO","msg":"audit","audit":true,"action":"user_create","domain_id":"9fe8f7ee-c8c0-4b0d-ab74-ec1ce8bed8c2","user_id":"4287125c-1a67-4df6-82a1-c7618abd7374"}
{"time":"2026-04-29T19:27:42.282052425-03:00","level":"INFO","msg":"audit","audit":true,"action":"group_create","domain_id":"9fe8f7ee-c8c0-4b0d-ab74-ec1ce8bed8c2","group_id":"7ceb2c3b-0787-4a9a-8bda-acef0f31d61d","parent_root":true}
{"time":"2026-04-29T19:27:42.289446458-03:00","level":"INFO","msg":"audit","audit":true,"action":"add_user_to_group","domain_id":"9fe8f7ee-c8c0-4b0d-ab74-ec1ce8bed8c2","user_id":"4287125c-1a67-4df6-82a1-c7618abd7374","group_id":"7ceb2c3b-0787-4a9a-8bda-acef0f31d61d"}
{"time":"2026-04-29T19:27:42.290795419-03:00","level":"WARN","msg":"request error","status":409,"err":"store: conflict\nconstraint failed: UNIQUE constraint failed: group_members.user_id, group_members.group_id (1555)","method":"POST","path":"/api/v1/domains/9fe8f7ee-c8c0-4b0d-ab74-ec1ce8bed8c2/users/4287125c-1a67-4df6-82a1-c7618abd7374/groups/7ceb2c3b-0787-4a9a-8bda-acef0f31d61d"}
{"time":"2026-04-29T19:27:42.299213232-03:00","level":"INFO","msg":"audit","audit":true,"action":"domain_create","domain_id":"02ab7a35-1605-4578-957d-2698a2646d96"}
{"time":"2026-04-29T19:27:42.306121584-03:00","level":"INFO","msg":"audit","audit":true,"action":"user_create","domain_id":"02ab7a35-1605-4578-957d-2698a2646d96","user_id":"5282b634-b787-4096-b3c1-d853a4ddfb19"}
{"time":"2026-04-29T19:27:42.313279744-03:00","level":"INFO","msg":"audit","audit":true,"action":"resource_create","domain_id":"02ab7a35-1605-4578-957d-2698a2646d96","resource_id":"ae5a1a27-e918-43a5-81d5-07f89822894d"}
{"time":"2026-04-29T19:27:42.328511121-03:00","level":"INFO","msg":"audit","audit":true,"action":"permission_create","domain_id":"02ab7a35-1605-4578-957d-2698a2646d96","permission_id":"f3b51755-a0a0-4d00-a7d6-ed6b71f34b29","resource_id":"ae5a1a27-e918-43a5-81d5-07f89822894d","access_mask":1}
{"time":"2026-04-29T19:27:42.336300536-03:00","level":"INFO","msg":"audit","audit":true,"action":"grant_user_permission","domain_id":"02ab7a35-1605-4578-957d-2698a2646d96","user_id":"5282b634-b787-4096-b3c1-d853a4ddfb19","permission_id":"f3b51755-a0a0-4d00-a7d6-ed6b71f34b29"}
{"time":"2026-04-29T19:27:42.338698074-03:00","level":"WARN","msg":"request error","status":409,"err":"store: conflict\nconstraint failed: UNIQUE constraint failed: user_permissions.user_id, user_permissions.permission_id (1555)","method":"POST","path":"/api/v1/domains/02ab7a35-1605-4578-957d-2698a2646d96/users/5282b634-b787-4096-b3c1-d853a4ddfb19/permissions/f3b51755-a0a0-4d00-a7d6-ed6b71f34b29"}
{"time":"2026-04-29T19:27:42.349851601-03:00","level":"INFO","msg":"audit","audit":true,"action":"domain_create","domain_id":"4f7b9c35-716b-4c64-b3e4-9d2a1d3bd0ab"}
{"time":"2026-04-29T19:27:42.358173895-03:00","level":"INFO","msg":"audit","audit":true,"action":"group_create","domain_id":"4f7b9c35-716b-4c64-b3e4-9d2a1d3bd0ab","group_id":"6ebf96c5-8aa1-4789-922e-21e26d507ec1","parent_root":true}
{"time":"2026-04-29T19:27:42.369366154-03:00","level":"INFO","msg":"audit","audit":true,"action":"resource_create","domain_id":"4f7b9c35-716b-4c64-b3e4-9d2a1d3bd0ab","resource_id":"be7bfdee-1dea-4bfc-89f6-626cbb113a8a"}
{"time":"2026-04-29T19:27:42.376152757-03:00","level":"INFO","msg":"audit","audit":true,"action":"permission_create","domain_id":"4f7b9c35-716b-4c64-b3e4-9d2a1d3bd0ab","permission_id":"128f1dcc-2419-457e-a2ce-3b6468899063","resource_id":"be7bfdee-1dea-4bfc-89f6-626cbb113a8a","access_mask":1}
{"time":"2026-04-29T19:27:42.39177057-03:00","level":"INFO","msg":"audit","audit":true,"action":"grant_group_permission","domain_id":"4f7b9c35-716b-4c64-b3e4-9d2a1d3bd0ab","group_id":"6ebf96c5-8aa1-4789-922e-21e26d507ec1","permission_id":"128f1dcc-2419-457e-a2ce-3b6468899063"}
{"time":"2026-04-29T19:27:42.393091197-03:00","level":"WARN","msg":"request error","status":409,"err":"store: conflict\nconstraint failed: UNIQUE constraint failed: group_permissions.group_id, group_permissions.permission_id (1555)","method":"POST","path":"/api/v1/domains/4f7b9c35-716b-4c64-b3e4-9d2a1d3bd0ab/groups/6ebf96c5-8aa1-4789-922e-21e26d507ec1/permissions/128f1dcc-2419-457e-a2ce-3b6468899063"}
{"time":"2026-04-29T19:27:42.404646518-03:00","level":"INFO","msg":"audit","audit":true,"action":"domain_create","domain_id":"3a40a13b-78d2-41a1-83ac-b8693e0f5700"}
{"time":"2026-04-29T19:27:42.412030972-03:00","level":"INFO","msg":"audit","audit":true,"action":"access_type_create","domain_id":"3a40a13b-78d2-41a1-83ac-b8693e0f5700","access_type_id":"10fd226e-c64f-40b1-bcfa-2cadefd7dfbe","bit":1}
{"time":"2026-04-29T19:27:42.413224071-03:00","level":"WARN","msg":"request error","status":409,"err":"store: conflict\nconstraint failed: UNIQUE constraint failed: access_types.domain_id, access_types.bit (2067)","method":"POST","path":"/api/v1/domains/3a40a13b-78d2-41a1-83ac-b8693e0f5700/access-types"}
{"time":"2026-04-29T19:27:42.585317365-03:00","level":"INFO","msg":"audit","audit":true,"action":"domain_create","domain_id":"68902ad7-cc4a-4002-9f7e-bd7eeecc4f9a"}
{"time":"2026-04-29T19:27:42.592443054-03:00","level":"INFO","msg":"audit","audit":true,"action":"access_type_create","domain_id":"68902ad7-cc4a-4002-9f7e-bd7eeecc4f9a","access_type_id":"bebe6326-721e-4d7c-a5b0-b19e4a1aa3a1","bit":1}
{"time":"2026-04-29T19:27:42.598984788-03:00","level":"INFO","msg":"audit","audit":true,"action":"access_type_create","domain_id":"68902ad7-cc4a-4002-9f7e-bd7eeecc4f9a","access_type_id":"537ad083-10d4-4bd1-a4d9-72024b543300","bit":2}
{"time":"2026-04-29T19:27:42.606516298-03:00","level":"INFO","msg":"audit","audit":true,"action":"access_type_create","domain_id":"68902ad7-cc4a-4002-9f7e-bd7eeecc4f9a","access_type_id":"8911b493-7488-4adb-8068-59854e8d7a11","bit":4}
{"time":"2026-04-29T19:27:42.620404616-03:00","level":"INFO","msg":"audit","audit":true,"action":"access_type_create","domain_id":"68902ad7-cc4a-4002-9f7e-bd7eeecc4f9a","access_type_id":"265d1fc0-5509-44a8-be90-4f0fcf86e1b6","bit":8}
{"time":"2026-04-29T19:27:42.641222434-03:00","level":"INFO","msg":"audit","audit":true,"action":"resource_create","domain_id":"68902ad7-cc4a-4002-9f7e-bd7eeecc4f9a","resource_id":"d91a40ad-c834-433c-bb83-fe1c35fe1ffb"}
{"time":"2026-04-29T19:27:42.657148766-03:00","level":"INFO","msg":"audit","audit":true,"action":"resource_create","domain_id":"68902ad7-cc4a-4002-9f7e-bd7eeecc4f9a","resource_id":"594ff977-4b34-4228-ad9a-9f752f980da7"}
{"time":"2026-04-29T19:27:42.665180735-03:00","level":"INFO","msg":"audit","audit":true,"action":"permission_create","domain_id":"68902ad7-cc4a-4002-9f7e-bd7eeecc4f9a","permission_id":"d54f0025-e77b-4f02-979c-b69a10a49b71","resource_id":"d91a40ad-c834-433c-bb83-fe1c35fe1ffb","access_mask":3}
{"time":"2026-04-29T19:27:42.672152796-03:00","level":"INFO","msg":"audit","audit":true,"action":"permission_create","domain_id":"68902ad7-cc4a-4002-9f7e-bd7eeecc4f9a","permission_id":"7f720a22-48a8-40c8-ba30-e6e1520965ab","resource_id":"d91a40ad-c834-433c-bb83-fe1c35fe1ffb","access_mask":12}
{"time":"2026-04-29T19:27:42.679273086-03:00","level":"INFO","msg":"audit","audit":true,"action":"permission_create","domain_id":"68902ad7-cc4a-4002-9f7e-bd7eeecc4f9a","permission_id":"4cf2bf7b-8553-4e1b-8a4e-18a610e96598","resource_id":"594ff977-4b34-4228-ad9a-9f752f980da7","access_mask":5}
{"time":"2026-04-29T19:27:42.68631104-03:00","level":"INFO","msg":"audit","audit":true,"action":"user_create","domain_id":"68902ad7-cc4a-4002-9f7e-bd7eeecc4f9a","user_id":"d0323697-9c2b-4172-ab45-176a7deb0cd1"}
{"time":"2026-04-29T19:27:42.697044789-03:00","level":"INFO","msg":"audit","audit":true,"action":"group_create","domain_id":"68902ad7-cc4a-4002-9f7e-bd7eeecc4f9a","group_id":"62737071-4942-4a1d-b457-56964f5d0cbb","parent_root":true}
{"time":"2026-04-29T19:27:42.704169717-03:00","level":"INFO","msg":"audit","audit":true,"action":"add_user_to_group","domain_id":"68902ad7-cc4a-4002-9f7e-bd7eeecc4f9a","user_id":"d0323697-9c2b-4172-ab45-176a7deb0cd1","group_id":"62737071-4942-4a1d-b457-56964f5d0cbb"}
{"time":"2026-04-29T19:27:42.717044753-03:00","level":"INFO","msg":"audit","audit":true,"action":"grant_user_permission","domain_id":"68902ad7-cc4a-4002-9f7e-bd7eeecc4f9a","user_id":"d0323697-9c2b-4172-ab45-176a7deb0cd1","permission_id":"d54f0025-e77b-4f02-979c-b69a10a49b71"}
{"time":"2026-04-29T19:27:42.725654026-03:00","level":"INFO","msg":"audit","audit":true,"action":"grant_group_permission","domain_id":"68902ad7-cc4a-4002-9f7e-bd7eeecc4f9a","group_id":"62737071-4942-4a1d-b457-56964f5d0cbb","permission_id":"7f720a22-48a8-40c8-ba30-e6e1520965ab"}
{"time":"2026-04-29T19:27:42.75093548-03:00","level":"INFO","msg":"audit","audit":true,"action":"revoke_user_permission","domain_id":"68902ad7-cc4a-4002-9f7e-bd7eeecc4f9a","user_id":"d0323697-9c2b-4172-ab45-176a7deb0cd1","permission_id":"d54f0025-e77b-4f02-979c-b69a10a49b71"}
{"time":"2026-04-29T19:27:42.924378425-03:00","level":"INFO","msg":"audit","audit":true,"action":"domain_create","domain_id":"bf872196-95bd-4ec4-b7be-d8e77b24484f"}
{"time":"2026-04-29T19:27:42.931073276-03:00","level":"INFO","msg":"audit","audit":true,"action":"user_create","domain_id":"bf872196-95bd-4ec4-b7be-d8e77b24484f","user_id":"99f632c0-b4bb-42f9-9327-301f07edd369"}
{"time":"2026-04-29T19:27:42.937346817-03:00","level":"INFO","msg":"audit","audit":true,"action":"user_create","domain_id":"bf872196-95bd-4ec4-b7be-d8e77b24484f","user_id":"24a929fd-60a0-4ac6-94e6-9a386810478d"}
{"time":"2026-04-29T19:27:42.944056315-03:00","level":"INFO","msg":"audit","audit":true,"action":"user_create","domain_id":"bf872196-95bd-4ec4-b7be-d8e77b24484f","user_id":"9fe1d546-b45d-44bb-bcd0-bb10336ad4fa"}
{"time":"2026-04-29T19:27:42.977381661-03:00","level":"INFO","msg":"audit","audit":true,"action":"user_create","domain_id":"bf872196-95bd-4ec4-b7be-d8e77b24484f","user_id":"7b4218d4-704a-44c1-8972-85e6cb154c4b"}
{"time":"2026-04-29T19:27:42.991051118-03:00","level":"INFO","msg":"audit","audit":true,"action":"user_create","domain_id":"bf872196-95bd-4ec4-b7be-d8e77b24484f","user_id":"6d3105ef-5265-4396-9017-d17024d65266"}
{"time":"2026-04-29T19:27:42.997429765-03:00","level":"INFO","msg":"audit","audit":true,"action":"user_create","domain_id":"bf872196-95bd-4ec4-b7be-d8e77b24484f","user_id":"f4adba1f-8f54-447b-89ec-33224409f9fc"}
{"time":"2026-04-29T19:27:43.004066127-03:00","level":"INFO","msg":"audit","audit":true,"action":"user_create","domain_id":"bf872196-95bd-4ec4-b7be-d8e77b24484f","user_id":"dadff023-81b0-419f-a57e-ee859cdd09da"}
{"time":"2026-04-29T19:27:43.010169838-03:00","level":"INFO","msg":"audit","audit":true,"action":"user_create","domain_id":"bf872196-95bd-4ec4-b7be-d8e77b24484f","user_id":"ea8462d5-75ce-4fa5-bbc5-3cd7edfe9972"}
{"time":"2026-04-29T19:27:43.017942061-03:00","level":"INFO","msg":"audit","audit":true,"action":"user_create","domain_id":"bf872196-95bd-4ec4-b7be-d8e77b24484f","user_id":"fd9fb88e-1409-4f2e-a5ea-ac41dde41628"}
{"time":"2026-04-29T19:27:43.842513322-03:00","level":"INFO","msg":"audit","audit":true,"action":"domain_create","domain_id":"91adadbb-47b6-49c4-a715-79143ca8a27c"}
{"time":"2026-04-29T19:27:43.857320634-03:00","level":"INFO","msg":"audit","audit":true,"action":"user_create","domain_id":"91adadbb-47b6-49c4-a715-79143ca8a27c","user_id":"3293cb3c-a1fa-4e08-83bd-cafc96279666"}
{"time":"2026-04-29T19:27:43.865267975-03:00","level":"INFO","msg":"audit","audit":true,"action":"resource_create","domain_id":"91adadbb-47b6-49c4-a715-79143ca8a27c","resource_id":"9dc21b77-0831-4231-875c-d1205649d1ab"}
{"time":"2026-04-29T19:27:44.049568782-03:00","level":"WARN","msg":"request error","status":404,"err":"store: not found","method":"GET","path":"/api/v1/domains/nonexistent/users/nonexistent"}
{"time":"2026-04-29T19:27:44.629283541-03:00","level":"INFO","msg":"audit","audit":true,"action":"domain_create","domain_id":"005df5be-6f75-4e86-bd07-3059a49e98d7"}
{"time":"2026-04-29T19:27:44.794185371-03:00","level":"WARN","msg":"request error","status":404,"err":"store: not found","method":"GET","path":"/api/v1/domains/ea7f04cb-932d-4cd0-bbd5-710e8eba6cef/users/df2ac13e-e1e0-45b0-a76d-6bba0a104205"}
{"time":"2026-04-29T19:27:45.719526769-03:00","level":"INFO","msg":"audit","audit":true,"action":"domain_create","domain_id":"0601d904-cc34-492d-833e-ef087e8435fa"}
{"time":"2026-04-29T19:27:45.728202767-03:00","level":"INFO","msg":"audit","audit":true,"action":"resource_create","domain_id":"0601d904-cc34-492d-833e-ef087e8435fa","resource_id":"d93e8f41-6271-4240-82ec-98352f5ef676"}
{"time":"2026-04-29T19:27:46.057509316-03:00","level":"INFO","msg":"audit","audit":true,"action":"domain_create","domain_id":"cee60300-5110-4cb2-ba0e-796a49ec89b3"}
{"time":"2026-04-29T19:27:46.066384107-03:00","level":"INFO","msg":"audit","audit":true,"action":"user_create","domain_id":"cee60300-5110-4cb2-ba0e-796a49ec89b3","user_id":"31069e93-fab8-42f8-a1cf-8a6b999c440e"}
{"time":"2026-04-29T19:27:46.076947246-03:00","level":"INFO","msg":"audit","audit":true,"action":"resource_create","domain_id":"cee60300-5110-4cb2-ba0e-796a49ec89b3","resource_id":"c46dae6b-3f27-45eb-b021-517253723653"}
{"time":"2026-04-29T19:27:46.925726346-03:00","level":"WARN","msg":"request error","status":404,"err":"store: not found","method":"GET","path":"/api/v1/domains/b7d3ce29-c694-4e03-8624-36badead15de/users/85c21413-5852-4af7-b13a-71fc24f4470e/authz/resources"}
{"time":"2026-04-29T19:27:46.927255896-03:00","level":"WARN","msg":"request error","status":404,"err":"store: not found","method":"GET","path":"/api/v1/domains/f903b4f9-d79b-405e-9027-1e79945b94df/users/a5af1495-7ed4-4a52-a546-5a670f0d7100/authz/resources"}
{"time":"2026-04-29T19:27:47.533648297-03:00","level":"WARN","msg":"request error","status":404,"err":"store: not found","method":"GET","path":"/api/v1/domains/ed19bc72-347f-46b9-80d4-6590fa8824ae/groups/e074e34b-38a2-4417-886d-6f6566264f4b/authz/resources"}
{"time":"2026-04-29T19:27:47.535501144-03:00","level":"WARN","msg":"request error","status":404,"err":"store: not found","method":"GET","path":"/api/v1/domains/5a8241e9-0d5d-4945-af14-4146740922bc/groups/26b8775a-fdf7-4bef-acf5-e01c72e3f2ca/authz/resources"}
{"time":"2026-04-29T19:27:48.1533021-03:00","level":"WARN","msg":"request error","status":404,"err":"store: not found","method":"GET","path":"/api/v1/domains/6e35d495-cc07-48ea-b4d5-e752aae185a1/resources/a5d0c024-0467-4ff7-8c06-24318ec18c0e/authz/users"}
{"time":"2026-04-29T19:27:48.154688431-03:00","level":"WARN","msg":"request error","status":404,"err":"store: not found","method":"GET","path":"/api/v1/domains/b89c0d7e-c3ed-4cf8-a2f8-8f48a01258f6/resources/29df4e5b-7356-4056-a8cc-8e7984721c78/authz/users"}
{"time":"2026-04-29T19:27:48.719563316-03:00","level":"WARN","msg":"request error","status":404,"err":"store: not found","method":"GET","path":"/api/v1/domains/db56b291-7538-4443-8250-9815657e313a/resources/249704d4-6d03-413d-854a-a2db4f75bf34/authz/groups"}
{"time":"2026-04-29T19:27:48.721454485-03:00","level":"WARN","msg":"request error","status":404,"err":"store: not found","method":"GET","path":"/api/v1/domains/998c85cb-94ff-4a00-af31-308d27fa1db9/resources/478510ef-074e-403d-852e-9da575e9a49e/authz/groups"}
{"time":"2026-04-29T19:27:48.874243509-03:00","level":"INFO","msg":"audit","audit":true,"action":"domain_create","domain_id":"21d0807e-02a2-402f-a80a-ff2582dd6913"}
{"time":"2026-04-29T19:27:49.199891324-03:00","level":"INFO","msg":"audit","audit":true,"action":"domain_create","domain_id":"9dff654c-5508-4a12-8195-a23be7c938a6"}
{"time":"2026-04-29T19:27:49.209259541-03:00","level":"INFO","msg":"audit","audit":true,"action":"group_create","domain_id":"9dff654c-5508-4a12-8195-a23be7c938a6","group_id":"a180f8bf-0555-4e44-b75e-8219e0075690","parent_root":true}
{"time":"2026-04-29T19:27:49.21497248-03:00","level":"WARN","msg":"request error","status":404,"err":"store: not found","method":"GET","path":"/api/v1/domains/9dff654c-5508-4a12-8195-a23be7c938a6/groups/b4c3e0ab-8687-4d8b-a274-dedddeec40a0"}
{"time":"2026-04-29T19:27:49.37021645-03:00","level":"INFO","msg":"audit","audit":true,"action":"domain_create","domain_id":"e23c4ef8-7192-4a01-a034-cde99c6d3db5"}
{"time":"2026-04-29T19:27:49.548566253-03:00","level":"INFO","msg":"audit","audit":true,"action":"domain_create","domain_id":"1e9659a1-68bc-4054-b247-e13d952ee26a"}
{"time":"2026-04-29T19:27:49.721060839-03:00","level":"INFO","msg":"audit","audit":true,"action":"domain_create","domain_id":"82df3377-7ff1-49fd-b046-4ffa4f08f6e1"}
{"time":"2026-04-29T19:27:49.72841675-03:00","level":"INFO","msg":"audit","audit":true,"action":"group_create","domain_id":"82df3377-7ff1-49fd-b046-4ffa4f08f6e1","group_id":"28c73261-07fb-4f81-ad4e-370f9e79df49","parent_root":true}
{"time":"2026-04-29T19:27:49.735246875-03:00","level":"INFO","msg":"audit","audit":true,"action":"group_create","domain_id":"82df3377-7ff1-49fd-b046-4ffa4f08f6e1","group_id":"fa5e5e11-dec4-4d21-b467-5ab771544fe4","parent_root":true}
{"time":"2026-04-29T19:27:49.744053799-03:00","level":"INFO","msg":"audit","audit":true,"action":"group_set_parent","domain_id":"82df3377-7ff1-49fd-b046-4ffa4f08f6e1","group_id":"fa5e5e11-dec4-4d21-b467-5ab771544fe4","parent_group_id":"28c73261-07fb-4f81-ad4e-370f9e79df49"}
{"time":"2026-04-29T19:27:49.752352128-03:00","level":"INFO","msg":"audit","audit":true,"action":"group_set_parent","domain_id":"82df3377-7ff1-49fd-b046-4ffa4f08f6e1","group_id":"fa5e5e11-dec4-4d21-b467-5ab771544fe4","parent_cleared":true}
{"time":"2026-04-29T19:27:49.909960044-03:00","level":"INFO","msg":"audit","audit":true,"action":"domain_create","domain_id":"9fb0c525-4eea-41e4-91f5-4be194cc2462"}
{"time":"2026-04-29T19:27:49.916873235-03:00","level":"INFO","msg":"audit","audit":true,"action":"group_create","domain_id":"9fb0c525-4eea-41e4-91f5-4be194cc2462","group_id":"fcdb67e8-dc86-479e-982b-979b5d51cd69","parent_root":true}
{"time":"2026-04-29T19:27:49.91771263-03:00","level":"WARN","msg":"request error","status":400,"err":"store: invalid input: group cannot be its own parent","method":"PATCH","path":"/api/v1/domains/9fb0c525-4eea-41e4-91f5-4be194cc2462/groups/fcdb67e8-dc86-479e-982b-979b5d51cd69/parent"}
{"time":"2026-04-29T19:27:50.077016207-03:00","level":"INFO","msg":"audit","audit":true,"action":"domain_create","domain_id":"2a2b3d39-f6e6-4b99-977d-e53aa343b5ff"}
{"time":"2026-04-29T19:27:50.085915634-03:00","level":"INFO","msg":"audit","audit":true,"action":"group_create","domain_id":"2a2b3d39-f6e6-4b99-977d-e53aa343b5ff","group_id":"b1b03532-641a-4599-89ba-c3bab337dda2","parent_root":true}
{"time":"2026-04-29T19:27:50.092388499-03:00","level":"INFO","msg":"audit","audit":true,"action":"group_create","domain_id":"2a2b3d39-f6e6-4b99-977d-e53aa343b5ff","group_id":"90ecf6a2-d421-4ac9-9033-a6876c1dac65","parent_group_id":"b1b03532-641a-4599-89ba-c3bab337dda2"}
{"time":"2026-04-29T19:27:50.094852682-03:00","level":"WARN","msg":"request error","status":400,"err":"store: invalid input: cycle detected in group parent chain","method":"PATCH","path":"/api/v1/domains/2a2b3d39-f6e6-4b99-977d-e53aa343b5ff/groups/b1b03532-641a-4599-89ba-c3bab337dda2/parent"}
{"time":"2026-04-29T19:27:50.252282584-03:00","level":"INFO","msg":"audit","audit":true,"action":"domain_create","domain_id":"7a891ea7-219e-45c6-a3aa-3b3dfb2b0e23"}
{"time":"2026-04-29T19:27:50.260153041-03:00","level":"INFO","msg":"audit","audit":true,"action":"group_create","domain_id":"7a891ea7-219e-45c6-a3aa-3b3dfb2b0e23","group_id":"e0c282bf-d3ef-48e7-b2e8-305b2652c9eb","parent_root":true}
{"time":"2026-04-29T19:27:50.417086271-03:00","level":"INFO","msg":"audit","audit":true,"action":"domain_create","domain_id":"38147743-f852-4a71-9c7c-c827f63562b3"}
{"time":"2026-04-29T19:27:50.427492656-03:00","level":"INFO","msg":"audit","audit":true,"action":"group_create","domain_id":"38147743-f852-4a71-9c7c-c827f63562b3","group_id":"f9902e13-390c-4c13-b0a7-1012b9dd45be","parent_root":true}
{"time":"2026-04-29T19:27:50.428791783-03:00","level":"WARN","msg":"request error","status":404,"err":"store: not found","method":"PATCH","path":"/api/v1/domains/38147743-f852-4a71-9c7c-c827f63562b3/groups/627cb564-ec01-4faf-9939-ab2074a362f5/parent"}
{"time":"2026-04-29T19:27:50.588379844-03:00","level":"INFO","msg":"audit","audit":true,"action":"domain_create","domain_id":"7c6c967a-c6fb-466b-be40-78b0755ac9ae"}
{"time":"2026-04-29T19:27:50.595120271-03:00","level":"INFO","msg":"audit","audit":true,"action":"group_create","domain_id":"7c6c967a-c6fb-466b-be40-78b0755ac9ae","group_id":"9fa92506-ab6c-4eb7-97a2-6a5272d3436d","parent_root":true}
{"time":"2026-04-29T19:27:50.597162262-03:00","level":"WARN","msg":"request error","status":404,"err":"store: not found","method":"PATCH","path":"/api/v1/domains/7c6c967a-c6fb-466b-be40-78b0755ac9ae/groups/9fa92506-ab6c-4eb7-97a2-6a5272d3436d/parent"}
{"time":"2026-04-29T19:27:50.771142847-03:00","level":"INFO","msg":"audit","audit":true,"action":"domain_create","domain_id":"c3399725-3711-4077-be96-1a034fdaccfb"}
{"time":"2026-04-29T19:27:50.779896059-03:00","level":"INFO","msg":"audit","audit":true,"action":"resource_create","domain_id":"c3399725-3711-4077-be96-1a034fdaccfb","resource_id":"478fd9c9-67b4-487b-bd71-e26f8a151b33"}
{"time":"2026-04-29T19:27:50.783862712-03:00","level":"WARN","msg":"request error","status":404,"err":"store: not found","method":"GET","path":"/api/v1/domains/c3399725-3711-4077-be96-1a034fdaccfb/resources/261ae05f-fedf-41a3-b3f4-b554dcb56c16"}
{"time":"2026-04-29T19:27:50.943972332-03:00","level":"INFO","msg":"audit","audit":true,"action":"domain_create","domain_id":"5e070224-321b-4dc4-93e9-c4551bc3a86d"}
{"time":"2026-04-29T19:27:50.95190793-03:00","level":"INFO","msg":"audit","audit":true,"action":"access_type_create","domain_id":"5e070224-321b-4dc4-93e9-c4551bc3a86d","access_type_id":"b5ac16f3-c56f-4e3a-8d98-4cd8d46a4f83","bit":1}
{"time":"2026-04-29T19:27:51.136309697-03:00","level":"INFO","msg":"audit","audit":true,"action":"domain_create","domain_id":"d7e180b7-c157-4fc2-902e-a379732dbecc"}
{"time":"2026-04-29T19:27:51.302034573-03:00","level":"INFO","msg":"audit","audit":true,"action":"domain_create","domain_id":"e0e8c5b0-e341-47e6-a388-f1c02a7c033c"}
{"time":"2026-04-29T19:27:51.31290107-03:00","level":"INFO","msg":"audit","audit":true,"action":"resource_create","domain_id":"e0e8c5b0-e341-47e6-a388-f1c02a7c033c","resource_id":"0323727d-3a31-4378-b687-48b4b07877da"}
{"time":"2026-04-29T19:27:51.321132294-03:00","level":"INFO","msg":"audit","audit":true,"action":"permission_create","domain_id":"e0e8c5b0-e341-47e6-a388-f1c02a7c033c","permission_id":"246ef6d7-a7c3-41e2-8f52-aee0e394b4c9","resource_id":"0323727d-3a31-4378-b687-48b4b07877da","access_mask":3}
{"time":"2026-04-29T19:27:51.326319536-03:00","level":"WARN","msg":"request error","status":404,"err":"store: not found","method":"GET","path":"/api/v1/domains/e0e8c5b0-e341-47e6-a388-f1c02a7c033c/permissions/090ecda8-4e7a-4d69-b066-db116240cb91"}
{"time":"2026-04-29T19:27:51.492236281-03:00","level":"INFO","msg":"audit","audit":true,"action":"domain_create","domain_id":"29a69178-b77b-4956-bf95-42317030b7b4"}
{"time":"2026-04-29T19:27:51.500926406-03:00","level":"INFO","msg":"audit","audit":true,"action":"user_create","domain_id":"29a69178-b77b-4956-bf95-42317030b7b4","user_id":"de323ed5-85d5-4093-bbc7-30e32ee40303"}
{"time":"2026-04-29T19:27:51.508015426-03:00","level":"INFO","msg":"audit","audit":true,"action":"group_create","domain_id":"29a69178-b77b-4956-bf95-42317030b7b4","group_id":"cb4dfe4b-7675-4c89-9958-3c35d79c67a5","parent_root":true}
{"time":"2026-04-29T19:27:51.515324911-03:00","level":"INFO","msg":"audit","audit":true,"action":"add_user_to_group","domain_id":"29a69178-b77b-4956-bf95-42317030b7b4","user_id":"de323ed5-85d5-4093-bbc7-30e32ee40303","group_id":"cb4dfe4b-7675-4c89-9958-3c35d79c67a5"}
{"time":"2026-04-29T19:27:51.52209881-03:00","level":"INFO","msg":"audit","audit":true,"action":"remove_user_from_group","domain_id":"29a69178-b77b-4956-bf95-42317030b7b4","user_id":"de323ed5-85d5-4093-bbc7-30e32ee40303","group_id":"cb4dfe4b-7675-4c89-9958-3c35d79c67a5"}
{"time":"2026-04-29T19:27:51.523112061-03:00","level":"WARN","msg":"request error","status":404,"err":"store: not found","method":"DELETE","path":"/api/v1/domains/29a69178-b77b-4956-bf95-42317030b7b4/users/de323ed5-85d5-4093-bbc7-30e32ee40303/groups/cb4dfe4b-7675-4c89-9958-3c35d79c67a5"}
{"time":"2026-04-29T19:27:51.691182226-03:00","level":"INFO","msg":"audit","audit":true,"action":"domain_create","domain_id":"9812c2b1-222a-4683-9079-6815b60c999b"}
{"time":"2026-04-29T19:27:51.701454359-03:00","level":"INFO","msg":"audit","audit":true,"action":"group_create","domain_id":"9812c2b1-222a-4683-9079-6815b60c999b","group_id":"e52ec609-8c41-4704-8a65-ca47910edad9","parent_root":true}
{"time":"2026-04-29T19:27:51.702657496-03:00","level":"WARN","msg":"request error","status":400,"err":"store: foreign key constraint violation\nconstraint failed: FOREIGN KEY constraint failed (787)","method":"POST","path":"/api/v1/domains/9812c2b1-222a-4683-9079-6815b60c999b/users/2fa3440f-3fab-4cc6-9e10-8f5c06ec7d71/groups/e52ec609-8c41-4704-8a65-ca47910edad9"}
{"time":"2026-04-29T19:27:51.867201867-03:00","level":"INFO","msg":"audit","audit":true,"action":"domain_create","domain_id":"1f34a05c-e417-4d6d-baa7-51e41081058a"}
{"time":"2026-04-29T19:27:51.873392902-03:00","level":"INFO","msg":"audit","audit":true,"action":"user_create","domain_id":"1f34a05c-e417-4d6d-baa7-51e41081058a","user_id":"567b2166-13d1-42e1-8213-86f8592289cc"}
{"time":"2026-04-29T19:27:51.880137096-03:00","level":"INFO","msg":"audit","audit":true,"action":"resource_create","domain_id":"1f34a05c-e417-4d6d-baa7-51e41081058a","resource_id":"6c7888d1-5dde-430b-9f35-86df3853e6aa"}
{"time":"2026-04-29T19:27:51.88728145-03:00","level":"INFO","msg":"audit","audit":true,"action":"permission_create","domain_id":"1f34a05c-e417-4d6d-baa7-51e41081058a","permission_id":"63b9df6f-e359-4d8a-94b2-b4030328732d","resource_id":"6c7888d1-5dde-430b-9f35-86df3853e6aa","access_mask":1}
{"time":"2026-04-29T19:27:51.89343175-03:00","level":"INFO","msg":"audit","audit":true,"action":"grant_user_permission","domain_id":"1f34a05c-e417-4d6d-baa7-51e41081058a","user_id":"567b2166-13d1-42e1-8213-86f8592289cc","permission_id":"63b9df6f-e359-4d8a-94b2-b4030328732d"}
{"time":"2026-04-29T19:27:51.899928799-03:00","level":"INFO","msg":"audit","audit":true,"action":"revoke_user_permission","domain_id":"1f34a05c-e417-4d6d-baa7-51e41081058a","user_id":"567b2166-13d1-42e1-8213-86f8592289cc","permission_id":"63b9df6f-e359-4d8a-94b2-b4030328732d"}
{"time":"2026-04-29T19:27:51.900917174-03:00","level":"WARN","msg":"request error","status":404,"err":"store: not found","method":"DELETE","path":"/api/v1/domains/1f34a05c-e417-4d6d-baa7-51e41081058a/users/567b2166-13d1-42e1-8213-86f8592289cc/permissions/63b9df6f-e359-4d8a-94b2-b4030328732d"}
{"time":"2026-04-29T19:27:52.058300889-03:00","level":"INFO","msg":"audit","audit":true,"action":"domain_create","domain_id":"44c04596-5ddf-47fd-981d-803db485384b"}
{"time":"2026-04-29T19:27:52.066010344-03:00","level":"INFO","msg":"audit","audit":true,"action":"user_create","domain_id":"44c04596-5ddf-47fd-981d-803db485384b","user_id":"7c8c667a-ba95-48f6-a53b-d9b3f2309d5d"}
{"time":"2026-04-29T19:27:52.067243287-03:00","level":"WARN","msg":"request error","status":400,"err":"store: foreign key constraint violation\nconstraint failed: FOREIGN KEY constraint failed (787)","method":"POST","path":"/api/v1/domains/44c04596-5ddf-47fd-981d-803db485384b/users/7c8c667a-ba95-48f6-a53b-d9b3f2309d5d/permissions/0d1eef58-8c35-4760-9148-8d19bd521162"}
{"time":"2026-04-29T19:27:52.227831304-03:00","level":"INFO","msg":"audit","audit":true,"action":"domain_create","domain_id":"8335ba57-b97f-4b38-a431-44b04b01cd79"}
{"time":"2026-04-29T19:27:52.234872134-03:00","level":"INFO","msg":"audit","audit":true,"action":"group_create","domain_id":"8335ba57-b97f-4b38-a431-44b04b01cd79","group_id":"f78dcc6a-977c-4b84-a1be-2d8144a79b06","parent_root":true}
{"time":"2026-04-29T19:27:52.242846065-03:00","level":"INFO","msg":"audit","audit":true,"action":"resource_create","domain_id":"8335ba57-b97f-4b38-a431-44b04b01cd79","resource_id":"f9cf30c5-175a-4987-949f-39b8a72d47bf"}
{"time":"2026-04-29T19:27:52.249386777-03:00","level":"INFO","msg":"audit","audit":true,"action":"permission_create","domain_id":"8335ba57-b97f-4b38-a431-44b04b01cd79","permission_id":"32d84ba2-cea5-4371-9bd1-9dc517078e6a","resource_id":"f9cf30c5-175a-4987-949f-39b8a72d47bf","access_mask":2}
{"time":"2026-04-29T19:27:52.260339637-03:00","level":"INFO","msg":"audit","audit":true,"action":"grant_group_permission","domain_id":"8335ba57-b97f-4b38-a431-44b04b01cd79","group_id":"f78dcc6a-977c-4b84-a1be-2d8144a79b06","permission_id":"32d84ba2-cea5-4371-9bd1-9dc517078e6a"}
{"time":"2026-04-29T19:27:52.270079381-03:00","level":"INFO","msg":"audit","audit":true,"action":"revoke_group_permission","domain_id":"8335ba57-b97f-4b38-a431-44b04b01cd79","group_id":"f78dcc6a-977c-4b84-a1be-2d8144a79b06","permission_id":"32d84ba2-cea5-4371-9bd1-9dc517078e6a"}
{"time":"2026-04-29T19:27:52.27115556-03:00","level":"WARN","msg":"request error","status":404,"err":"store: not found","method":"DELETE","path":"/api/v1/domains/8335ba57-b97f-4b38-a431-44b04b01cd79/groups/f78dcc6a-977c-4b84-a1be-2d8144a79b06/permissions/32d84ba2-cea5-4371-9bd1-9dc517078e6a"}
{"time":"2026-04-29T19:27:52.427413844-03:00","level":"INFO","msg":"audit","audit":true,"action":"domain_create","domain_id":"b83ee463-1a47-4ce3-a0d4-e0536137968b"}
{"time":"2026-04-29T19:27:52.434200076-03:00","level":"INFO","msg":"audit","audit":true,"action":"group_create","domain_id":"b83ee463-1a47-4ce3-a0d4-e0536137968b","group_id":"e8d32c3b-07e0-4de4-aa64-7a39ccf833d3","parent_root":true}
{"time":"2026-04-29T19:27:52.435379218-03:00","level":"WARN","msg":"request error","status":400,"err":"store: foreign key constraint violation\nconstraint failed: FOREIGN KEY constraint failed (787)","method":"POST","path":"/api/v1/domains/b83ee463-1a47-4ce3-a0d4-e0536137968b/groups/e8d32c3b-07e0-4de4-aa64-7a39ccf833d3/permissions/e1a14d73-3b1e-430c-912c-cc9d59f8a487"}
{"time":"2026-04-29T19:27:52.59815995-03:00","level":"INFO","msg":"audit","audit":true,"action":"domain_create","domain_id":"2ecd7a67-8c55-4590-9b06-546d98b98021"}
{"time":"2026-04-29T19:27:52.605010613-03:00","level":"INFO","msg":"audit","audit":true,"action":"user_create","domain_id":"2ecd7a67-8c55-4590-9b06-546d98b98021","user_id":"ec9939a6-a07a-4ca5-a919-2562ef21a908"}
{"time":"2026-04-29T19:27:52.612336288-03:00","level":"INFO","msg":"audit","audit":true,"action":"group_create","domain_id":"2ecd7a67-8c55-4590-9b06-546d98b98021","group_id":"5d581f00-0b31-4af0-969d-c3851407be40","parent_root":true}
{"time":"2026-04-29T19:27:52.619366017-03:00","level":"INFO","msg":"audit","audit":true,"action":"add_user_to_group","domain_id":"2ecd7a67-8c55-4590-9b06-546d98b98021","user_id":"ec9939a6-a07a-4ca5-a919-2562ef21a908","group_id":"5d581f00-0b31-4af0-969d-c3851407be40"}
{"time":"2026-04-29T19:27:52.62045489-03:00","level":"WARN","msg":"request error","status":409,"err":"store: conflict\nconstraint failed: UNIQUE constraint failed: group_members.user_id, group_members.group_id (1555)","method":"POST","path":"/api/v1/domains/2ecd7a67-8c55-4590-9b06-546d98b98021/users/ec9939a6-a07a-4ca5-a919-2562ef21a908/groups/5d581f00-0b31-4af0-969d-c3851407be40"}
{"time":"2026-04-29T19:27:52.787865358-03:00","level":"INFO","msg":"audit","audit":true,"action":"domain_create","domain_id":"726c19b2-f40a-4e82-91b3-1d09e9600a84"}
{"time":"2026-04-29T19:27:52.794428551-03:00","level":"INFO","msg":"audit","audit":true,"action":"user_create","domain_id":"726c19b2-f40a-4e82-91b3-1d09e9600a84","user_id":"c1a30443-d258-4cb3-8f08-20a8d9f15c96"}
{"time":"2026-04-29T19:27:52.800769518-03:00","level":"INFO","msg":"audit","audit":true,"action":"resource_create","domain_id":"726c19b2-f40a-4e82-91b3-1d09e9600a84","resource_id":"7ffeaac6-229a-4729-9a09-131e4d78ac2c"}
{"time":"2026-04-29T19:27:52.806767682-03:00","level":"INFO","msg":"audit","audit":true,"action":"permission_create","domain_id":"726c19b2-f40a-4e82-91b3-1d09e9600a84","permission_id":"12eb219e-68c9-4dda-8d9a-9fc7a14575c9","resource_id":"7ffeaac6-229a-4729-9a09-131e4d78ac2c","access_mask":1}
{"time":"2026-04-29T19:27:52.813261035-03:00","level":"INFO","msg":"audit","audit":true,"action":"grant_user_permission","domain_id":"726c19b2-f40a-4e82-91b3-1d09e9600a84","user_id":"c1a30443-d258-4cb3-8f08-20a8d9f15c96","permission_id":"12eb219e-68c9-4dda-8d9a-9fc7a14575c9"}
{"time":"2026-04-29T19:27:52.814278765-03:00","level":"WARN","msg":"request error","status":409,"err":"store: conflict\nconstraint failed: UNIQUE constraint failed: user_permissions.user_id, user_permissions.permission_id (1555)","method":"POST","path":"/api/v1/domains/726c19b2-f40a-4e82-91b3-1d09e9600a84/users/c1a30443-d258-4cb3-8f08-20a8d9f15c96/permissions/12eb219e-68c9-4dda-8d9a-9fc7a14575c9"}
{"time":"2026-04-29T19:27:52.980333278-03:00","level":"INFO","msg":"audit","audit":true,"action":"domain_create","domain_id":"204bd404-d5a1-4224-aa4c-312d66e1ee47"}
{"time":"2026-04-29T19:27:52.986423846-03:00","level":"INFO","msg":"audit","audit":true,"action":"group_create","domain_id":"204bd404-d5a1-4224-aa4c-312d66e1ee47","group_id":"06724583-860b-4fea-ac44-ce5abd3e4393","parent_root":true}
{"time":"2026-04-29T19:27:52.99283274-03:00","level":"INFO","msg":"audit","audit":true,"action":"resource_create","domain_id":"204bd404-d5a1-4224-aa4c-312d66e1ee47","resource_id":"a4974e5a-247c-4ad7-9bf3-1bd8c3f8aade"}
{"time":"2026-04-29T19:27:52.998863164-03:00","level":"INFO","msg":"audit","audit":true,"action":"permission_create","domain_id":"204bd404-d5a1-4224-aa4c-312d66e1ee47","permission_id":"21a89ba1-0e93-4084-93ea-84c8196ae9b5","resource_id":"a4974e5a-247c-4ad7-9bf3-1bd8c3f8aade","access_mask":1}
{"time":"2026-04-29T19:27:53.005104765-03:00","level":"INFO","msg":"audit","audit":true,"action":"grant_group_permission","domain_id":"204bd404-d5a1-4224-aa4c-312d66e1ee47","group_id":"06724583-860b-4fea-ac44-ce5abd3e4393","permission_id":"21a89ba1-0e93-4084-93ea-84c8196ae9b5"}
{"time":"2026-04-29T19:27:53.006002319-03:00","level":"WARN","msg":"request error","status":409,"err":"store: conflict\nconstraint failed: UNIQUE constraint failed: group_permissions.group_id, group_permissions.permission_id (1555)","method":"POST","path":"/api/v1/domains/204bd404-d5a1-4224-aa4c-312d66e1ee47/groups/06724583-860b-4fea-ac44-ce5abd3e4393/permissions/21a89ba1-0e93-4084-93ea-84c8196ae9b5"}
{"time":"2026-04-29T19:27:53.159806168-03:00","level":"INFO","msg":"audit","audit":true,"action":"domain_create","domain_id":"39b23452-dcc5-40b1-880c-14997bec295c"}
{"time":"2026-04-29T19:27:53.16640027-03:00","level":"INFO","msg":"audit","audit":true,"action":"user_create","domain_id":"39b23452-dcc5-40b1-880c-14997bec295c","user_id":"9dcd0855-7403-4fa0-81e3-48de29ee6224"}
{"time":"2026-04-29T19:27:53.174229068-03:00","level":"INFO","msg":"audit","audit":true,"action":"group_create","domain_id":"39b23452-dcc5-40b1-880c-14997bec295c","group_id":"0745bed7-ae27-4578-bcea-0686753e3af1","parent_root":true}
{"time":"2026-04-29T19:27:53.180324164-03:00","level":"INFO","msg":"audit","audit":true,"action":"resource_create","domain_id":"39b23452-dcc5-40b1-880c-14997bec295c","resource_id":"ee6f8a33-cafe-493b-be4c-f9bdeaf93ef7"}
{"time":"2026-04-29T19:27:53.186912244-03:00","level":"INFO","msg":"audit","audit":true,"action":"permission_create","domain_id":"39b23452-dcc5-40b1-880c-14997bec295c","permission_id":"b04012ac-9b62-4bcf-98e2-1544a21c420e","resource_id":"ee6f8a33-cafe-493b-be4c-f9bdeaf93ef7","access_mask":5}
{"time":"2026-04-29T19:27:53.193514251-03:00","level":"INFO","msg":"audit","audit":true,"action":"add_user_to_group","domain_id":"39b23452-dcc5-40b1-880c-14997bec295c","user_id":"9dcd0855-7403-4fa0-81e3-48de29ee6224","group_id":"0745bed7-ae27-4578-bcea-0686753e3af1"}
{"time":"2026-04-29T19:27:53.203181419-03:00","level":"INFO","msg":"audit","audit":true,"action":"grant_group_permission","domain_id":"39b23452-dcc5-40b1-880c-14997bec295c","group_id":"0745bed7-ae27-4578-bcea-0686753e3af1","permission_id":"b04012ac-9b62-4bcf-98e2-1544a21c420e"}
{"time":"2026-04-29T19:27:53.366034877-03:00","level":"INFO","msg":"audit","audit":true,"action":"domain_create","domain_id":"3c790109-3e6e-431e-bedc-27497c041742"}
{"time":"2026-04-29T19:27:53.372889017-03:00","level":"INFO","msg":"audit","audit":true,"action":"user_create","domain_id":"3c790109-3e6e-431e-bedc-27497c041742","user_id":"bddf1bd0-5d6f-4872-973d-8b0b3ac9ce7c"}
{"time":"2026-04-29T19:27:53.379327657-03:00","level":"INFO","msg":"audit","audit":true,"action":"resource_create","domain_id":"3c790109-3e6e-431e-bedc-27497c041742","resource_id":"006b9c2a-7dca-42dd-8678-02f714b04a2f"}
{"time":"2026-04-29T19:27:53.70316272-03:00","level":"INFO","msg":"audit","audit":true,"action":"domain_create","domain_id":"d05a20cc-d6ac-45fa-84c3-ef6644be3a65"}
{"time":"2026-04-29T19:27:53.873066155-03:00","level":"INFO","msg":"audit","audit":true,"action":"domain_create","domain_id":"902567d2-2cdb-4411-9c88-f264775dd6ee"}
{"time":"2026-04-29T19:27:54.038410877-03:00","level":"INFO","msg":"audit","audit":true,"action":"domain_create","domain_id":"0fb605e7-d812-4990-921b-4c48974056d7"}
{"time":"2026-04-29T19:27:54.214032992-03:00","level":"INFO","msg":"audit","audit":true,"action":"domain_create","domain_id":"749b5c6f-93e3-46c8-a778-8e44e5e7c61b"}
{"time":"2026-04-29T19:27:54.379937714-03:00","level":"INFO","msg":"audit","audit":true,"action":"domain_create","domain_id":"742c5e0e-97bb-4036-b408-0cbfb3e4f03c"}
{"time":"2026-04-29T19:27:54.38806357-03:00","level":"INFO","msg":"audit","audit":true,"action":"access_type_create","domain_id":"742c5e0e-97bb-4036-b408-0cbfb3e4f03c","access_type_id":"8ba0b649-5b7c-4c62-ba5b-c529de9fc7e8","bit":1}
{"time":"2026-04-29T19:27:54.389398134-03:00","level":"WARN","msg":"request error","status":409,"err":"store: conflict\nconstraint failed: UNIQUE constraint failed: access_types.domain_id, access_types.bit (2067)","method":"POST","path":"/api/v1/domains/742c5e0e-97bb-4036-b408-0cbfb3e4f03c/access-types"}
{"time":"2026-04-29T19:27:54.54242741-03:00","level":"ERROR","msg":"request error","status":500,"err":"sql: database is closed","method":"POST","path":"/api/v1/domains"}
{"time":"2026-04-29T19:27:54.698052115-03:00","level":"ERROR","msg":"request error","status":500,"err":"sql: database is closed","method":"POST","path":"/api/v1/domains"}
{"time":"2026-04-29T19:27:54.698730397-03:00","level":"ERROR","msg":"request error","status":500,"err":"sql: database is closed","method":"GET","path":"/api/v1/domains"}
{"time":"2026-04-29T19:27:54.699470436-03:00","level":"ERROR","msg":"request error","status":500,"err":"sql: database is closed","method":"POST","path":"/api/v1/domains/3bb38578-a3d9-4aff-8a3b-5958f928dfbc/users"}
{"time":"2026-04-29T19:27:54.699918486-03:00","level":"ERROR","msg":"request error","status":500,"err":"sql: database is closed","method":"GET","path":"/api/v1/domains/3bb38578-a3d9-4aff-8a3b-5958f928dfbc/users"}
{"time":"2026-04-29T19:27:54.70054908-03:00","level":"ERROR","msg":"request error","status":500,"err":"sql: database is closed","method":"GET","path":"/api/v1/domains/3bb38578-a3d9-4aff-8a3b-5958f928dfbc/users/d4c26608-3ef0-4381-bf96-b9c76ec90689"}
{"time":"2026-04-29T19:27:54.701106986-03:00","level":"ERROR","msg":"request error","status":500,"err":"sql: database is closed","method":"POST","path":"/api/v1/domains/3bb38578-a3d9-4aff-8a3b-5958f928dfbc/groups"}
{"time":"2026-04-29T19:27:54.701591626-03:00","level":"ERROR","msg":"request error","status":500,"err":"sql: database is closed","method":"GET","path":"/api/v1/domains/3bb38578-a3d9-4aff-8a3b-5958f928dfbc/groups"}
{"time":"2026-04-29T19:27:54.702090742-03:00","level":"ERROR","msg":"request error","status":500,"err":"sql: database is closed","method":"GET","path":"/api/v1/domains/3bb38578-a3d9-4aff-8a3b-5958f928dfbc/groups/4624f720-9aee-446f-a3c7-5c8d8fee7834"}
{"time":"2026-04-29T19:27:54.702629443-03:00","level":"ERROR","msg":"request error","status":500,"err":"sql: database is closed","method":"POST","path":"/api/v1/domains/3bb38578-a3d9-4aff-8a3b-5958f928dfbc/resources"}
{"time":"2026-04-29T19:27:54.703197569-03:00","level":"ERROR","msg":"request error","status":500,"err":"sql: database is closed","method":"GET","path":"/api/v1/domains/3bb38578-a3d9-4aff-8a3b-5958f928dfbc/resources"}
{"time":"2026-04-29T19:27:54.703631513-03:00","level":"ERROR","msg":"request error","status":500,"err":"sql: database is closed","method":"GET","path":"/api/v1/domains/3bb38578-a3d9-4aff-8a3b-5958f928dfbc/resources/f1689af9-9112-4311-9b95-8dcab0df78dd"}
{"time":"2026-04-29T19:27:54.704169412-03:00","level":"ERROR","msg":"request error","status":500,"err":"sql: database is closed","method":"POST","path":"/api/v1/domains/3bb38578-a3d9-4aff-8a3b-5958f928dfbc/access-types"}
{"time":"2026-04-29T19:27:54.705296066-03:00","level":"ERROR","msg":"request error","status":500,"err":"sql: database is closed","method":"GET","path":"/api/v1/domains/3bb38578-a3d9-4aff-8a3b-5958f928dfbc/access-types"}
{"time":"2026-04-29T19:27:54.705866606-03:00","level":"ERROR","msg":"request error","status":500,"err":"sql: database is closed","method":"POST","path":"/api/v1/domains/3bb38578-a3d9-4aff-8a3b-5958f928dfbc/permissions"}
{"time":"2026-04-29T19:27:54.706393375-03:00","level":"ERROR","msg":"request error","status":500,"err":"sql: database is closed","method":"GET","path":"/api/v1/domains/3bb38578-a3d9-4aff-8a3b-5958f928dfbc/permissions"}
{"time":"2026-04-29T19:27:54.706893293-03:00","level":"ERROR","msg":"request error","status":500,"err":"sql: database is closed","method":"GET","path":"/api/v1/domains/3bb38578-a3d9-4aff-8a3b-5958f928dfbc/permissions/c269ac05-ae16-466e-b950-b24fd3030fb9"}
{"time":"2026-04-29T19:27:54.70740332-03:00","level":"ERROR","msg":"request error","status":500,"err":"sql: database is closed","method":"POST","path":"/api/v1/domains/3bb38578-a3d9-4aff-8a3b-5958f928dfbc/users/d4c26608-3ef0-4381-bf96-b9c76ec90689/groups/4624f720-9aee-446f-a3c7-5c8d8fee7834"}
{"time":"2026-04-29T19:27:54.707877209-03:00","level":"ERROR","msg":"request error","status":500,"err":"sql: database is closed","method":"POST","path":"/api/v1/domains/3bb38578-a3d9-4aff-8a3b-5958f928dfbc/users/d4c26608-3ef0-4381-bf96-b9c76ec90689/permissions/c269ac05-ae16-466e-b950-b24fd3030fb9"}
{"time":"2026-04-29T19:27:54.708409578-03:00","level":"ERROR","msg":"request error","status":500,"err":"sql: database is closed","method":"POST","path":"/api/v1/domains/3bb38578-a3d9-4aff-8a3b-5958f928dfbc/groups/4624f720-9aee-446f-a3c7-5c8d8fee7834/permissions/c269ac05-ae16-466e-b950-b24fd3030fb9"}
{"time":"2026-04-29T19:27:54.708943509-03:00","level":"ERROR","msg":"request error","status":500,"err":"sql: database is closed","method":"PATCH","path":"/api/v1/domains/3bb38578-a3d9-4aff-8a3b-5958f928dfbc/groups/4624f720-9aee-446f-a3c7-5c8d8fee7834/parent"}
{"time":"2026-04-29T19:27:54.709462733-03:00","level":"ERROR","msg":"request error","status":500,"err":"sql: database is closed","method":"DELETE","path":"/api/v1/domains/3bb38578-a3d9-4aff-8a3b-5958f928dfbc/users/d4c26608-3ef0-4381-bf96-b9c76ec90689/groups/4624f720-9aee-446f-a3c7-5c8d8fee7834"}
{"time":"2026-04-29T19:27:54.709862874-03:00","level":"ERROR","msg":"request error","status":500,"err":"sql: database is closed","method":"DELETE","path":"/api/v1/domains/3bb38578-a3d9-4aff-8a3b-5958f928dfbc/users/d4c26608-3ef0-4381-bf96-b9c76ec90689/permissions/c269ac05-ae16-466e-b950-b24fd3030fb9"}
{"time":"2026-04-29T19:27:54.710344708-03:00","level":"ERROR","msg":"request error","status":500,"err":"sql: database is closed","method":"GET","path":"/api/v1/domains/3bb38578-a3d9-4aff-8a3b-5958f928dfbc/users/d4c26608-3ef0-4381-bf96-b9c76ec90689/authz/resources"}
{"time":"2026-04-29T19:27:54.710930587-03:00","level":"ERROR","msg":"request error","status":500,"err":"sql: database is closed","method":"GET","path":"/api/v1/domains/3bb38578-a3d9-4aff-8a3b-5958f928dfbc/groups/4624f720-9aee-446f-a3c7-5c8d8fee7834/authz/resources"}
{"time":"2026-04-29T19:27:54.711482723-03:00","level":"ERROR","msg":"request error","status":500,"err":"sql: database is closed","method":"GET","path":"/api/v1/domains/3bb38578-a3d9-4aff-8a3b-5958f928dfbc/resources/f1689af9-9112-4311-9b95-8dcab0df78dd/authz/users"}
{"time":"2026-04-29T19:27:54.712040119-03:00","level":"ERROR","msg":"request error","status":500,"err":"sql: database is closed","method":"GET","path":"/api/v1/domains/3bb38578-a3d9-4aff-8a3b-5958f928dfbc/resources/f1689af9-9112-4311-9b95-8dcab0df78dd/authz/groups"}
{"time":"2026-04-29T19:27:54.712500874-03:00","level":"ERROR","msg":"request error","status":500,"err":"sql: database is closed","method":"DELETE","path":"/api/v1/domains/3bb38578-a3d9-4aff-8a3b-5958f928dfbc/groups/4624f720-9aee-446f-a3c7-5c8d8fee7834/permissions/c269ac05-ae16-466e-b950-b24fd3030fb9"}
{"time":"2026-04-29T19:27:54.713050835-03:00","level":"ERROR","msg":"request error","status":500,"err":"sql: database is closed","method":"GET","path":"/api/v1/domains/3bb38578-a3d9-4aff-8a3b-5958f928dfbc/authz/check"}
{"time":"2026-04-29T19:27:54.713542578-03:00","level":"ERROR","msg":"request error","status":500,"err":"sql: database is closed","method":"GET","path":"/api/v1/domains/3bb38578-a3d9-4aff-8a3b-5958f928dfbc/authz/masks"}
{"time":"2026-04-29T19:27:54.714042977-03:00","level":"ERROR","msg":"request error","status":500,"err":"sql: database is closed","method":"GET","path":"/api/v1/domains/3bb38578-a3d9-4aff-8a3b-5958f928dfbc"}
{"time":"2026-04-29T19:27:54.714568954-03:00","level":"ERROR","msg":"request error","status":500,"err":"sql: database is closed","method":"PATCH","path":"/api/v1/domains/3bb38578-a3d9-4aff-8a3b-5958f928dfbc"}
{"time":"2026-04-29T19:27:54.715051659-03:00","level":"ERROR","msg":"request error","status":500,"err":"sql: database is closed","method":"DELETE","path":"/api/v1/domains/3bb38578-a3d9-4aff-8a3b-5958f928dfbc"}
{"time":"2026-04-29T19:27:54.715629744-03:00","level":"ERROR","msg":"request error","status":500,"err":"sql: database is closed","method":"PATCH","path":"/api/v1/domains/3bb38578-a3d9-4aff-8a3b-5958f928dfbc/users/d4c26608-3ef0-4381-bf96-b9c76ec90689"}
{"time":"2026-04-29T19:27:54.716189494-03:00","level":"ERROR","msg":"request error","status":500,"err":"sql: database is closed","method":"DELETE","path":"/api/v1/domains/3bb38578-a3d9-4aff-8a3b-5958f928dfbc/users/d4c26608-3ef0-4381-bf96-b9c76ec90689"}
{"time":"2026-04-29T19:27:54.716788428-03:00","level":"ERROR","msg":"request error","status":500,"err":"sql: database is closed","method":"PATCH","path":"/api/v1/domains/3bb38578-a3d9-4aff-8a3b-5958f928dfbc/groups/4624f720-9aee-446f-a3c7-5c8d8fee7834"}
{"time":"2026-04-29T19:27:54.717308364-03:00","level":"ERROR","msg":"request error","status":500,"err":"sql: database is closed","method":"DELETE","path":"/api/v1/domains/3bb38578-a3d9-4aff-8a3b-5958f928dfbc/groups/4624f720-9aee-446f-a3c7-5c8d8fee7834"}
{"time":"2026-04-29T19:27:54.71802047-03:00","level":"ERROR","msg":"request error","status":500,"err":"sql: database is closed","method":"PATCH","path":"/api/v1/domains/3bb38578-a3d9-4aff-8a3b-5958f928dfbc/resources/f1689af9-9112-4311-9b95-8dcab0df78dd"}
{"time":"2026-04-29T19:27:54.718437342-03:00","level":"ERROR","msg":"request error","status":500,"err":"sql: database is closed","method":"DELETE","path":"/api/v1/domains/3bb38578-a3d9-4aff-8a3b-5958f928dfbc/resources/f1689af9-9112-4311-9b95-8dcab0df78dd"}
{"time":"2026-04-29T19:27:54.718782389-03:00","level":"ERROR","msg":"request error","status":500,"err":"sql: database is closed","method":"GET","path":"/api/v1/domains/3bb38578-a3d9-4aff-8a3b-5958f928dfbc/access-types/7a6f9d29-7203-4852-9e49-77688851dd5c"}
{"time":"2026-04-29T19:27:54.71925184-03:00","level":"ERROR","msg":"request error","status":500,"err":"sql: database is closed","method":"PATCH","path":"/api/v1/domains/3bb38578-a3d9-4aff-8a3b-5958f928dfbc/access-types/df64bac2-bcf9-4ad7-93e0-2401438dbf02"}
{"time":"2026-04-29T19:27:54.719750826-03:00","level":"ERROR","msg":"request error","status":500,"err":"sql: database is closed","method":"DELETE","path":"/api/v1/domains/3bb38578-a3d9-4aff-8a3b-5958f928dfbc/access-types/e07553e6-f177-4bae-b068-83c1d97cdcf9"}
{"time":"2026-04-29T19:27:54.720388302-03:00","level":"ERROR","msg":"request error","status":500,"err":"sql: database is closed","method":"PATCH","path":"/api/v1/domains/3bb38578-a3d9-4aff-8a3b-5958f928dfbc/permissions/c269ac05-ae16-466e-b950-b24fd3030fb9"}
{"time":"2026-04-29T19:27:54.72086135-03:00","level":"ERROR","msg":"request error","status":500,"err":"sql: database is closed","method":"DELETE","path":"/api/v1/domains/3bb38578-a3d9-4aff-8a3b-5958f928dfbc/permissions/c269ac05-ae16-466e-b950-b24fd3030fb9"}
{"time":"2026-04-29T19:27:54.878007419-03:00","level":"INFO","msg":"audit","audit":true,"action":"domain_create","domain_id":"ca93c0c2-cde0-4dc9-a3c7-7853ecbc1119"}
{"time":"2026-04-29T19:27:54.886495895-03:00","level":"INFO","msg":"audit","audit":true,"action":"domain_patch","domain_id":"ca93c0c2-cde0-4dc9-a3c7-7853ecbc1119"}
{"time":"2026-04-29T19:27:54.89613459-03:00","level":"INFO","msg":"audit","audit":true,"action":"domain_delete","domain_id":"ca93c0c2-cde0-4dc9-a3c7-7853ecbc1119"}
{"time":"2026-04-29T19:27:55.057096609-03:00","level":"INFO","msg":"audit","audit":true,"action":"domain_create","domain_id":"a17e8e37-13af-4af4-9b07-29d711e8ee75"}
{"time":"2026-04-29T19:27:55.066410944-03:00","level":"INFO","msg":"audit","audit":true,"action":"user_create","domain_id":"a17e8e37-13af-4af4-9b07-29d711e8ee75","user_id":"1fd592ff-c630-42ba-9c78-5dc48d475e0a"}
{"time":"2026-04-29T19:27:55.071220308-03:00","level":"WARN","msg":"request error","status":400,"err":"store: foreign key constraint violation\nconstraint failed: FOREIGN KEY constraint failed (1811)","method":"DELETE","path":"/api/v1/domains/a17e8e37-13af-4af4-9b07-29d711e8ee75"}
{"time":"2026-04-29T19:27:55.232448256-03:00","level":"INFO","msg":"audit","audit":true,"action":"domain_create","domain_id":"97c734de-f04b-4fc2-bb58-7faddfc5c7fd"}
{"time":"2026-04-29T19:27:55.239099164-03:00","level":"INFO","msg":"audit","audit":true,"action":"user_create","domain_id":"97c734de-f04b-4fc2-bb58-7faddfc5c7fd","user_id":"f83127f6-7ba1-4376-a724-11ae8e497c68"}
{"time":"2026-04-29T19:27:55.246731234-03:00","level":"INFO","msg":"audit","audit":true,"action":"user_patch","domain_id":"97c734de-f04b-4fc2-bb58-7faddfc5c7fd","user_id":"f83127f6-7ba1-4376-a724-11ae8e497c68"}
{"time":"2026-04-29T19:27:55.253226179-03:00","level":"INFO","msg":"audit","audit":true,"action":"resource_create","domain_id":"97c734de-f04b-4fc2-bb58-7faddfc5c7fd","resource_id":"4645d1ec-c947-4e10-b626-044312a3ad78"}
{"time":"2026-04-29T19:27:55.260636443-03:00","level":"INFO","msg":"audit","audit":true,"action":"resource_patch","domain_id":"97c734de-f04b-4fc2-bb58-7faddfc5c7fd","resource_id":"4645d1ec-c947-4e10-b626-044312a3ad78"}
{"time":"2026-04-29T19:27:55.269102296-03:00","level":"INFO","msg":"audit","audit":true,"action":"access_type_create","domain_id":"97c734de-f04b-4fc2-bb58-7faddfc5c7fd","access_type_id":"20a72209-1412-4aac-ac55-b16d1c8cfd5f","bit":1}
{"time":"2026-04-29T19:27:55.277432856-03:00","level":"INFO","msg":"audit","audit":true,"action":"access_type_patch","domain_id":"97c734de-f04b-4fc2-bb58-7faddfc5c7fd","access_type_id":"20a72209-1412-4aac-ac55-b16d1c8cfd5f","bit":1}
{"time":"2026-04-29T19:27:55.28393179-03:00","level":"INFO","msg":"audit","audit":true,"action":"permission_create","domain_id":"97c734de-f04b-4fc2-bb58-7faddfc5c7fd","permission_id":"972f855e-315e-4ee6-b0bc-789f38ced681","resource_id":"4645d1ec-c947-4e10-b626-044312a3ad78","access_mask":3}
{"time":"2026-04-29T19:27:55.292179935-03:00","level":"INFO","msg":"audit","audit":true,"action":"permission_patch","domain_id":"97c734de-f04b-4fc2-bb58-7faddfc5c7fd","permission_id":"972f855e-315e-4ee6-b0bc-789f38ced681","resource_id":"4645d1ec-c947-4e10-b626-044312a3ad78","access_mask":3}
{"time":"2026-04-29T19:27:55.301041571-03:00","level":"INFO","msg":"audit","audit":true,"action":"permission_delete","domain_id":"97c734de-f04b-4fc2-bb58-7faddfc5c7fd","permission_id":"972f855e-315e-4ee6-b0bc-789f38ced681"}
{"time":"2026-04-29T19:27:55.309219825-03:00","level":"INFO","msg":"audit","audit":true,"action":"resource_delete","domain_id":"97c734de-f04b-4fc2-bb58-7faddfc5c7fd","resource_id":"4645d1ec-c947-4e10-b626-044312a3ad78"}
{"time":"2026-04-29T19:27:55.315832993-03:00","level":"INFO","msg":"audit","audit":true,"action":"access_type_delete","domain_id":"97c734de-f04b-4fc2-bb58-7faddfc5c7fd","access_type_id":"20a72209-1412-4aac-ac55-b16d1c8cfd5f"}
{"time":"2026-04-29T19:27:55.322984301-03:00","level":"INFO","msg":"audit","audit":true,"action":"user_delete","domain_id":"97c734de-f04b-4fc2-bb58-7faddfc5c7fd","user_id":"f83127f6-7ba1-4376-a724-11ae8e497c68"}
{"time":"2026-04-29T19:27:55.484040396-03:00","level":"INFO","msg":"audit","audit":true,"action":"domain_create","domain_id":"04774add-7b2d-433a-9fe6-1ea03976f871"}
{"time":"2026-04-29T19:27:55.492091051-03:00","level":"INFO","msg":"audit","audit":true,"action":"group_create","domain_id":"04774add-7b2d-433a-9fe6-1ea03976f871","group_id":"e8b0afb0-6460-47f4-a44c-9833c57b1e42","parent_root":true}
{"time":"2026-04-29T19:27:55.49942997-03:00","level":"INFO","msg":"audit","audit":true,"action":"group_create","domain_id":"04774add-7b2d-433a-9fe6-1ea03976f871","group_id":"e677c864-0f93-4543-a61f-30776ef58588","parent_root":true}
{"time":"2026-04-29T19:27:55.510508827-03:00","level":"INFO","msg":"audit","audit":true,"action":"group_patch","domain_id":"04774add-7b2d-433a-9fe6-1ea03976f871","group_id":"e677c864-0f93-4543-a61f-30776ef58588","title":"two","parent_group_id":"e8b0afb0-6460-47f4-a44c-9833c57b1e42"}
{"time":"2026-04-29T19:27:55.518065314-03:00","level":"INFO","msg":"audit","audit":true,"action":"group_delete","domain_id":"04774add-7b2d-433a-9fe6-1ea03976f871","group_id":"e677c864-0f93-4543-a61f-30776ef58588"}
{"time":"2026-04-29T19:27:55.525235968-03:00","level":"INFO","msg":"audit","audit":true,"action":"group_delete","domain_id":"04774add-7b2d-433a-9fe6-1ea03976f871","group_id":"e8b0afb0-6460-47f4-a44c-9833c57b1e42"}
{"time":"2026-04-29T19:27:55.681152721-03:00","level":"INFO","msg":"audit","audit":true,"action":"domain_create","domain_id":"49ef6ff6-3d0a-4a3e-a413-3e711ecde9d3"}
{"time":"2026-04-29T19:27:55.688098332-03:00","level":"INFO","msg":"audit","audit":true,"action":"user_create","domain_id":"49ef6ff6-3d0a-4a3e-a413-3e711ecde9d3","user_id":"4866f822-16a7-40d7-9524-a3370bfb12dc"}
{"time":"2026-04-29T19:27:55.856348636-03:00","level":"INFO","msg":"audit","audit":true,"action":"domain_create","domain_id":"84f0ad93-c6d3-4fe1-8d43-b6625a7e9353"}
{"time":"2026-04-29T19:27:55.862877355-03:00","level":"INFO","msg":"audit","audit":true,"action":"domain_create","domain_id":"2dfd57c8-43e1-4c92-ac30-035225733c02"}
{"time":"2026-04-29T19:27:55.869287151-03:00","level":"INFO","msg":"audit","audit":true,"action":"domain_create","domain_id":"9eec1f6e-a7e7-45cf-bf49-8cf5fd5a664e"}
{"time":"2026-04-29T19:27:55.876011818-03:00","level":"INFO","msg":"audit","audit":true,"action":"domain_create","domain_id":"3ccc3b20-ccde-4a0d-b722-b4caecb79b13"}
{"time":"2026-04-29T19:27:55.882247037-03:00","level":"INFO","msg":"audit","audit":true,"action":"domain_create","domain_id":"8ff43343-7c11-43b4-8729-2598a306cda8"}
{"time":"2026-04-29T19:27:56.042818643-03:00","level":"INFO","msg":"audit","audit":true,"action":"domain_create","domain_id":"517c44d4-cf29-46b7-9b01-6889a7e5c51d"}
{"time":"2026-04-29T19:27:56.359180646-03:00","level":"INFO","msg":"audit","audit":true,"action":"domain_create","domain_id":"82b161af-097e-4c80-905a-d2e160259c37"}
{"time":"2026-04-29T19:27:56.526911565-03:00","level":"INFO","msg":"audit","audit":true,"action":"domain_create","domain_id":"87ce51af-b7f7-4f2c-8d2a-bd51ea965c9b"}
{"time":"2026-04-29T19:27:56.69350558-03:00","level":"INFO","msg":"audit","audit":true,"action":"domain_create","domain_id":"7d25620b-9de8-4399-b3a8-50f65a11eea0"}
{"time":"2026-04-29T19:27:56.703912586-03:00","level":"INFO","msg":"audit","audit":true,"action":"resource_create","domain_id":"7d25620b-9de8-4399-b3a8-50f65a11eea0","resource_id":"920924f7-a204-4f57-b16b-f21df2937357"}
{"time":"2026-04-29T19:27:56.711143623-03:00","level":"INFO","msg":"audit","audit":true,"action":"access_type_create","domain_id":"7d25620b-9de8-4399-b3a8-50f65a11eea0","access_type_id":"02fd09d2-f5ee-467a-91b5-fbdd5af7e65d","bit":1}
{"time":"2026-04-29T19:27:56.721079365-03:00","level":"INFO","msg":"audit","audit":true,"action":"permission_create","domain_id":"7d25620b-9de8-4399-b3a8-50f65a11eea0","permission_id":"e6193233-50a2-43b7-98f0-97a7f06ae59a","resource_id":"920924f7-a204-4f57-b16b-f21df2937357","access_mask":1}
{"time":"2026-04-29T19:27:56.727911102-03:00","level":"INFO","msg":"audit","audit":true,"action":"group_create","domain_id":"7d25620b-9de8-4399-b3a8-50f65a11eea0","group_id":"e5317cf2-9e2f-47ac-9b08-bc5a28fff6f9","parent_root":true}
{"time":"2026-04-29T19:27:56.895107218-03:00","level":"INFO","msg":"audit","audit":true,"action":"domain_create","domain_id":"8c2cddc5-89dc-4e52-9147-d0e408dbbb0d"}
{"time":"2026-04-29T19:27:56.906022638-03:00","level":"INFO","msg":"audit","audit":true,"action":"access_type_create","domain_id":"8c2cddc5-89dc-4e52-9147-d0e408dbbb0d","access_type_id":"55ae98c1-659d-41ac-ab7f-d16f74aa8ff7","bit":1}
{"time":"2026-04-29T19:27:57.06507808-03:00","level":"INFO","msg":"audit","audit":true,"action":"domain_create","domain_id":"917c9953-574b-4cef-8e5b-9dc9706dfeb1"}
{"time":"2026-04-29T19:27:57.076223711-03:00","level":"INFO","msg":"audit","audit":true,"action":"access_type_create","domain_id":"917c9953-574b-4cef-8e5b-9dc9706dfeb1","access_type_id":"5f360a96-951e-4e83-9b09-4c068b9e41d7","bit":1}
{"time":"2026-04-29T19:27:57.089904068-03:00","level":"INFO","msg":"audit","audit":true,"action":"access_type_patch","domain_id":"917c9953-574b-4cef-8e5b-9dc9706dfeb1","access_type_id":"5f360a96-951e-4e83-9b09-4c068b9e41d7","bit":4}
{"time":"2026-04-29T19:27:57.247160014-03:00","level":"INFO","msg":"audit","audit":true,"action":"domain_create","domain_id":"87fe0a59-3183-4a51-9fd5-4eb93fd46804"}
{"time":"2026-04-29T19:27:57.253886194-03:00","level":"INFO","msg":"audit","audit":true,"action":"resource_create","domain_id":"87fe0a59-3183-4a51-9fd5-4eb93fd46804","resource_id":"70384e30-176c-4079-bb9f-c93911fa03a7"}
{"time":"2026-04-29T19:27:57.261338957-03:00","level":"INFO","msg":"audit","audit":true,"action":"access_type_create","domain_id":"87fe0a59-3183-4a51-9fd5-4eb93fd46804","access_type_id":"0cf9a8ea-151f-4273-80ca-82dbeeeec294","bit":1}
{"time":"2026-04-29T19:27:57.27211787-03:00","level":"INFO","msg":"audit","audit":true,"action":"permission_create","domain_id":"87fe0a59-3183-4a51-9fd5-4eb93fd46804","permission_id":"9d4d44c5-2503-45d2-9db5-bc3f6e73f3ed","resource_id":"70384e30-176c-4079-bb9f-c93911fa03a7","access_mask":1}
{"time":"2026-04-29T19:27:57.284142802-03:00","level":"INFO","msg":"audit","audit":true,"action":"access_type_create","domain_id":"87fe0a59-3183-4a51-9fd5-4eb93fd46804","access_type_id":"4712e2f3-224f-486d-ac0c-30e9b6162f49","bit":9223372036854775807}
{"time":"2026-04-29T19:27:57.29323495-03:00","level":"INFO","msg":"audit","audit":true,"action":"permission_create","domain_id":"87fe0a59-3183-4a51-9fd5-4eb93fd46804","permission_id":"298c7773-c074-4d99-8479-f9d283cf71da","resource_id":"70384e30-176c-4079-bb9f-c93911fa03a7","access_mask":9223372036854775807}
{"time":"2026-04-29T19:27:57.449348412-03:00","level":"INFO","msg":"audit","audit":true,"action":"domain_create","domain_id":"d2f62d28-1503-4036-b512-1b78d250423f"}
{"time":"2026-04-29T19:27:57.458223554-03:00","level":"INFO","msg":"audit","audit":true,"action":"resource_create","domain_id":"d2f62d28-1503-4036-b512-1b78d250423f","resource_id":"df21dc81-3a4f-4521-bdd0-d89444eef7f7"}
{"time":"2026-04-29T19:27:57.466351394-03:00","level":"INFO","msg":"audit","audit":true,"action":"permission_create","domain_id":"d2f62d28-1503-4036-b512-1b78d250423f","permission_id":"d90300e6-d914-4049-8e58-d2e2256f49f0","resource_id":"df21dc81-3a4f-4521-bdd0-d89444eef7f7","access_mask":1}
{"time":"2026-04-29T19:27:57.634510155-03:00","level":"INFO","msg":"audit","audit":true,"action":"domain_create","domain_id":"84747281-e733-4b23-852b-e1db5477b178"}
{"time":"2026-04-29T19:27:57.641134744-03:00","level":"INFO","msg":"audit","audit":true,"action":"resource_create","domain_id":"84747281-e733-4b23-852b-e1db5477b178","resource_id":"c5a58929-e619-4e8f-9dc4-7531f06c0003"}
{"time":"2026-04-29T19:27:57.647217768-03:00","level":"INFO","msg":"audit","audit":true,"action":"resource_create","domain_id":"84747281-e733-4b23-852b-e1db5477b178","resource_id":"29bc5e31-22cb-4eb2-8428-21d8b513488a"}
{"time":"2026-04-29T19:27:57.65376924-03:00","level":"INFO","msg":"audit","audit":true,"action":"permission_create","domain_id":"84747281-e733-4b23-852b-e1db5477b178","permission_id":"79ba2c35-c9da-49f7-ba64-b576662856d9","resource_id":"c5a58929-e619-4e8f-9dc4-7531f06c0003","access_mask":1}
{"time":"2026-04-29T19:27:57.661884696-03:00","level":"INFO","msg":"audit","audit":true,"action":"permission_patch","domain_id":"84747281-e733-4b23-852b-e1db5477b178","permission_id":"79ba2c35-c9da-49f7-ba64-b576662856d9","resource_id":"29bc5e31-22cb-4eb2-8428-21d8b513488a","access_mask":255}
{"time":"2026-04-29T19:27:58.589983136-03:00","level":"INFO","msg":"audit","audit":true,"action":"domain_create","domain_id":"b081b1f0-739d-40e6-a81e-5efba6673f22"}
{"time":"2026-04-29T19:27:58.596831425-03:00","level":"INFO","msg":"audit","audit":true,"action":"group_create","domain_id":"b081b1f0-739d-40e6-a81e-5efba6673f22","group_id":"5979d61b-8252-4717-802c-77b9750e372a","parent_root":true}
{"time":"2026-04-29T19:27:58.760514579-03:00","level":"INFO","msg":"audit","audit":true,"action":"domain_create","domain_id":"a8c1982c-41e6-40ec-9110-fc4bc6989894"}
{"time":"2026-04-29T19:27:58.770171077-03:00","level":"INFO","msg":"audit","audit":true,"action":"group_create","domain_id":"a8c1982c-41e6-40ec-9110-fc4bc6989894","group_id":"b235a8fc-0e86-4139-ba22-cf9889f454ef","parent_root":true}
{"time":"2026-04-29T19:27:58.779203554-03:00","level":"INFO","msg":"audit","audit":true,"action":"group_create","domain_id":"a8c1982c-41e6-40ec-9110-fc4bc6989894","group_id":"2570a1f5-c075-4a46-98eb-fea2a46551ec","parent_root":true}
{"time":"2026-04-29T19:27:58.790912713-03:00","level":"INFO","msg":"audit","audit":true,"action":"group_patch","domain_id":"a8c1982c-41e6-40ec-9110-fc4bc6989894","group_id":"2570a1f5-c075-4a46-98eb-fea2a46551ec","parent_group_id":"b235a8fc-0e86-4139-ba22-cf9889f454ef"}
{"time":"2026-04-29T19:27:58.807549968-03:00","level":"INFO","msg":"audit","audit":true,"action":"group_patch","domain_id":"a8c1982c-41e6-40ec-9110-fc4bc6989894","group_id":"2570a1f5-c075-4a46-98eb-fea2a46551ec","parent_cleared":true}
{"time":"2026-04-29T19:27:58.972848142-03:00","level":"INFO","msg":"audit","audit":true,"action":"domain_create","domain_id":"1706176b-6d3b-4205-aaf8-f62fb25f15a4"}
{"time":"2026-04-29T19:27:59.127891347-03:00","level":"INFO","msg":"audit","audit":true,"action":"domain_create","domain_id":"74b728ec-663c-4195-b00b-78e08a5c8db8"}
{"time":"2026-04-29T19:27:59.134857607-03:00","level":"INFO","msg":"audit","audit":true,"action":"resource_create","domain_id":"74b728ec-663c-4195-b00b-78e08a5c8db8","resource_id":"db977585-2f33-4c6f-844b-972b53026ef3"}
{"time":"2026-04-29T19:27:59.136848913-03:00","level":"WARN","msg":"request error","status":404,"err":"store: not found","method":"PATCH","path":"/api/v1/domains/74b728ec-663c-4195-b00b-78e08a5c8db8/resources/3ce6d12a-4742-4e94-bcf1-fd8659bbdeae"}
{"time":"2026-04-29T19:27:59.292762089-03:00","level":"INFO","msg":"audit","audit":true,"action":"domain_create","domain_id":"7275b6c9-42fe-4788-85ea-31d9409346ac"}
{"time":"2026-04-29T19:27:59.448945623-03:00","level":"INFO","msg":"audit","audit":true,"action":"domain_create","domain_id":"fc4aaaa4-e46e-42bb-b2ae-2b95223f027c"}
{"time":"2026-04-29T19:27:59.455421102-03:00","level":"INFO","msg":"audit","audit":true,"action":"user_create","domain_id":"fc4aaaa4-e46e-42bb-b2ae-2b95223f027c","user_id":"74bd9a0c-47ea-4950-82e3-14dfb0ecc205"}
{"time":"2026-04-29T19:27:59.461892995-03:00","level":"INFO","msg":"audit","audit":true,"action":"user_create","domain_id":"fc4aaaa4-e46e-42bb-b2ae-2b95223f027c","user_id":"e1b17597-23f4-4321-a983-4fb1e5c19d4f"}
{"time":"2026-04-29T19:27:59.468183337-03:00","level":"INFO","msg":"audit","audit":true,"action":"user_create","domain_id":"fc4aaaa4-e46e-42bb-b2ae-2b95223f027c","user_id":"1f0c4e91-6550-4470-9168-09753de20a37"}
{"time":"2026-04-29T19:27:59.475243533-03:00","level":"INFO","msg":"audit","audit":true,"action":"user_create","domain_id":"fc4aaaa4-e46e-42bb-b2ae-2b95223f027c","user_id":"765509f4-5379-4e0e-913e-632f442ce099"}
{"time":"2026-04-29T19:27:59.481767153-03:00","level":"INFO","msg":"audit","audit":true,"action":"user_create","domain_id":"fc4aaaa4-e46e-42bb-b2ae-2b95223f027c","user_id":"916ba17b-d4ba-4ff5-8077-b6c46cb9341e"}
{"time":"2026-04-29T19:27:59.488415557-03:00","level":"INFO","msg":"audit","audit":true,"action":"group_create","domain_id":"fc4aaaa4-e46e-42bb-b2ae-2b95223f027c","group_id":"ed637e78-b8fd-46f7-9af6-0bcc52a73495","parent_root":true}
{"time":"2026-04-29T19:27:59.49906091-03:00","level":"INFO","msg":"audit","audit":true,"action":"group_create","domain_id":"fc4aaaa4-e46e-42bb-b2ae-2b95223f027c","group_id":"1efda604-60af-42d2-9ea0-e900a3166f87","parent_root":true}
{"time":"2026-04-29T19:27:59.508317828-03:00","level":"INFO","msg":"audit","audit":true,"action":"group_create","domain_id":"fc4aaaa4-e46e-42bb-b2ae-2b95223f027c","group_id":"1804f015-556a-4866-b08d-e3d3163c8c87","parent_root":true}
{"time":"2026-04-29T19:27:59.517339464-03:00","level":"INFO","msg":"audit","audit":true,"action":"resource_create","domain_id":"fc4aaaa4-e46e-42bb-b2ae-2b95223f027c","resource_id":"5db62183-6060-427d-9ec2-de0bf9216393"}
{"time":"2026-04-29T19:27:59.526046781-03:00","level":"INFO","msg":"audit","audit":true,"action":"resource_create","domain_id":"fc4aaaa4-e46e-42bb-b2ae-2b95223f027c","resource_id":"0f07d39f-ae1e-4221-8315-150f6ace79df"}
{"time":"2026-04-29T19:27:59.535383519-03:00","level":"INFO","msg":"audit","audit":true,"action":"resource_create","domain_id":"fc4aaaa4-e46e-42bb-b2ae-2b95223f027c","resource_id":"2961095e-bac6-4c9d-b521-4e6fb3ee9e73"}
{"time":"2026-04-29T19:27:59.542038715-03:00","level":"INFO","msg":"audit","audit":true,"action":"resource_create","domain_id":"fc4aaaa4-e46e-42bb-b2ae-2b95223f027c","resource_id":"a1914aec-6217-4f8a-80d0-ca055ccda315"}
{"time":"2026-04-29T19:27:59.708201732-03:00","level":"INFO","msg":"audit","audit":true,"action":"domain_create","domain_id":"54c2d23b-ebbf-4314-b019-2673ec1b5de9"}
{"time":"2026-04-29T19:27:59.716089932-03:00","level":"INFO","msg":"audit","audit":true,"action":"domain_create","domain_id":"baa82e0f-91a2-4f82-99ae-0b9ea9699c9d"}
{"time":"2026-04-29T19:27:59.727247116-03:00","level":"INFO","msg":"audit","audit":true,"action":"domain_create","domain_id":"831a5ad7-3223-46a1-a5cf-58bc1ba17ca0"}
{"time":"2026-04-29T19:27:59.899988265-03:00","level":"INFO","msg":"audit","audit":true,"action":"domain_create","domain_id":"9d4b03b0-fa2a-4e07-b041-2360aec5da9f"}
{"time":"2026-04-29T19:28:00.067369247-03:00","level":"INFO","msg":"audit","audit":true,"action":"domain_create","domain_id":"a51718ab-cda5-49ea-8e0c-6b7f3048b42c"}
{"time":"2026-04-29T19:28:00.236846382-03:00","level":"INFO","msg":"audit","audit":true,"action":"domain_create","domain_id":"aa7757ab-03b2-4fe2-ac14-50879cdc5f40"}
{"time":"2026-04-29T19:28:00.243117088-03:00","level":"INFO","msg":"audit","audit":true,"action":"domain_create","domain_id":"f231e1c7-c99c-472d-b3bc-6acf3466e34c"}
{"time":"2026-04-29T19:28:00.249820154-03:00","level":"INFO","msg":"audit","audit":true,"action":"domain_create","domain_id":"0d491728-eb5a-4689-a237-a3a3f40c029b"}
{"time":"2026-04-29T19:28:00.256171901-03:00","level":"INFO","msg":"audit","audit":true,"action":"domain_create","domain_id":"74235410-4e93-4f8d-b500-0501dfed20d3"}
{"time":"2026-04-29T19:28:00.262272738-03:00","level":"INFO","msg":"audit","audit":true,"action":"domain_create","domain_id":"ff0a59ae-f13d-4956-8371-cabf78223402"}
{"time":"2026-04-29T19:28:00.271934545-03:00","level":"INFO","msg":"audit","audit":true,"action":"domain_create","domain_id":"3c2439f5-1800-412b-b7e3-1e138c83da00"}
{"time":"2026-04-29T19:28:00.449156481-03:00","level":"INFO","msg":"audit","audit":true,"action":"domain_create","domain_id":"d2372c6a-6190-4af2-ab77-e6c48361d2b1"}
{"time":"2026-04-29T19:28:00.457300291-03:00","level":"INFO","msg":"audit","audit":true,"action":"user_create","domain_id":"d2372c6a-6190-4af2-ab77-e6c48361d2b1","user_id":"b4cd56dd-8084-4a71-948c-a311f23b165e"}
{"time":"2026-04-29T19:28:00.468231029-03:00","level":"INFO","msg":"audit","audit":true,"action":"user_create","domain_id":"d2372c6a-6190-4af2-ab77-e6c48361d2b1","user_id":"9c8ef175-3e31-474b-826d-4145ab9d3187"}
{"time":"2026-04-29T19:28:00.478171209-03:00","level":"INFO","msg":"audit","audit":true,"action":"user_create","domain_id":"d2372c6a-6190-4af2-ab77-e6c48361d2b1","user_id":"41d31461-a683-4b76-821e-8f698f037a42"}
{"time":"2026-04-29T19:28:00.643855849-03:00","level":"INFO","msg":"audit","audit":true,"action":"domain_create","domain_id":"b65d4413-276b-4216-8f33-f08799394782"}
{"time":"2026-04-29T19:28:00.650240317-03:00","level":"INFO","msg":"audit","audit":true,"action":"group_create","domain_id":"b65d4413-276b-4216-8f33-f08799394782","group_id":"f42624c4-c5dd-4161-8047-276231314c80","parent_root":true}
{"time":"2026-04-29T19:28:00.658249735-03:00","level":"INFO","msg":"audit","audit":true,"action":"group_create","domain_id":"b65d4413-276b-4216-8f33-f08799394782","group_id":"1fdd7efe-d14b-4803-bd5f-80658f8fee41","parent_root":true}
{"time":"2026-04-29T19:28:00.668004948-03:00","level":"INFO","msg":"audit","audit":true,"action":"group_create","domain_id":"b65d4413-276b-4216-8f33-f08799394782","group_id":"5c34c589-4dd1-4516-8194-fac8512451de","parent_root":true}
{"time":"2026-04-29T19:28:00.832505666-03:00","level":"INFO","msg":"audit","audit":true,"action":"domain_create","domain_id":"5c6936ca-075c-413e-8582-e72b37b44061"}
{"time":"2026-04-29T19:28:00.839858832-03:00","level":"INFO","msg":"audit","audit":true,"action":"group_create","domain_id":"5c6936ca-075c-413e-8582-e72b37b44061","group_id":"48da8509-1448-49cd-94b9-7ec0c65642b5","parent_root":true}
{"time":"2026-04-29T19:28:00.846441603-03:00","level":"INFO","msg":"audit","audit":true,"action":"group_create","domain_id":"5c6936ca-075c-413e-8582-e72b37b44061","group_id":"688c4a7d-2dfe-44c6-ad13-e88c92344762","parent_group_id":"48da8509-1448-49cd-94b9-7ec0c65642b5"}
{"time":"2026-04-29T19:28:00.857201962-03:00","level":"INFO","msg":"audit","audit":true,"action":"group_create","domain_id":"5c6936ca-075c-413e-8582-e72b37b44061","group_id":"8b40ae21-1679-4e74-b48b-79db82df6a84","parent_group_id":"48da8509-1448-49cd-94b9-7ec0c65642b5"}
{"time":"2026-04-29T19:28:00.865412176-03:00","level":"INFO","msg":"audit","audit":true,"action":"group_create","domain_id":"5c6936ca-075c-413e-8582-e72b37b44061","group_id":"72f77fd2-b3eb-4a94-bbdb-e617e6325fc1","parent_root":true}
{"time":"2026-04-29T19:28:01.030759372-03:00","level":"INFO","msg":"audit","audit":true,"action":"domain_create","domain_id":"52c29488-49f4-4e98-a812-34a3e060132c"}
{"time":"2026-04-29T19:28:01.039375277-03:00","level":"INFO","msg":"audit","audit":true,"action":"resource_create","domain_id":"52c29488-49f4-4e98-a812-34a3e060132c","resource_id":"eb3d1225-f8fb-405f-a960-139d16029347"}
{"time":"2026-04-29T19:28:01.048291446-03:00","level":"INFO","msg":"audit","audit":true,"action":"permission_create","domain_id":"52c29488-49f4-4e98-a812-34a3e060132c","permission_id":"5bd5756a-18df-4861-9fa2-daf35f9afd27","resource_id":"eb3d1225-f8fb-405f-a960-139d16029347","access_mask":1}
{"time":"2026-04-29T19:28:01.056873297-03:00","level":"INFO","msg":"audit","audit":true,"action":"permission_create","domain_id":"52c29488-49f4-4e98-a812-34a3e060132c","permission_id":"33861989-769b-46c9-b38b-12e0b6621d1c","resource_id":"eb3d1225-f8fb-405f-a960-139d16029347","access_mask":1}
{"time":"2026-04-29T19:28:01.065789957-03:00","level":"INFO","msg":"audit","audit":true,"action":"permission_create","domain_id":"52c29488-49f4-4e98-a812-34a3e060132c","permission_id":"eba96904-8ec9-4d5a-af0d-42be0b7d1f03","resource_id":"eb3d1225-f8fb-405f-a960-139d16029347","access_mask":1}
{"time":"2026-04-29T19:28:01.239030694-03:00","level":"INFO","msg":"audit","audit":true,"action":"domain_create","domain_id":"06615e40-42bf-4d12-84ab-ec3e68dfb21a"}
{"time":"2026-04-29T19:28:01.248392238-03:00","level":"INFO","msg":"audit","audit":true,"action":"resource_create","domain_id":"06615e40-42bf-4d12-84ab-ec3e68dfb21a","resource_id":"328dd814-1450-4a2d-b28d-6f562d5afdb8"}
{"time":"2026-04-29T19:28:01.259000962-03:00","level":"INFO","msg":"audit","audit":true,"action":"resource_create","domain_id":"06615e40-42bf-4d12-84ab-ec3e68dfb21a","resource_id":"c53e0e6b-e642-41e6-b2d8-79317440c2d4"}
{"time":"2026-04-29T19:28:01.269033415-03:00","level":"INFO","msg":"audit","audit":true,"action":"permission_create","domain_id":"06615e40-42bf-4d12-84ab-ec3e68dfb21a","permission_id":"23fc0387-6bf8-491b-bd4c-8fa9ee43f9da","resource_id":"328dd814-1450-4a2d-b28d-6f562d5afdb8","access_mask":1}
{"time":"2026-04-29T19:28:01.28018089-03:00","level":"INFO","msg":"audit","audit":true,"action":"permission_create","domain_id":"06615e40-42bf-4d12-84ab-ec3e68dfb21a","permission_id":"b9fd2d39-86e3-4d37-81b7-ba6c410a704e","resource_id":"328dd814-1450-4a2d-b28d-6f562d5afdb8","access_mask":2}
{"time":"2026-04-29T19:28:01.29013152-03:00","level":"INFO","msg":"audit","audit":true,"action":"permission_create","domain_id":"06615e40-42bf-4d12-84ab-ec3e68dfb21a","permission_id":"fe03e700-f034-4ce0-949b-52b5cadea70c","resource_id":"c53e0e6b-e642-41e6-b2d8-79317440c2d4","access_mask":4}
{"time":"2026-04-29T19:28:01.463272709-03:00","level":"INFO","msg":"audit","audit":true,"action":"domain_create","domain_id":"aa75a156-2096-4a34-a570-7cb62b0452a9"}
{"time":"2026-04-29T19:28:01.472405324-03:00","level":"INFO","msg":"audit","audit":true,"action":"resource_create","domain_id":"aa75a156-2096-4a34-a570-7cb62b0452a9","resource_id":"9cd8b55e-623f-4dde-92c4-5cccdedb658f"}
{"time":"2026-04-29T19:28:01.482107147-03:00","level":"INFO","msg":"audit","audit":true,"action":"resource_create","domain_id":"aa75a156-2096-4a34-a570-7cb62b0452a9","resource_id":"e431b12a-ea7e-4d8e-841c-3f98ce75185d"}
{"time":"2026-04-29T19:28:01.49200105-03:00","level":"INFO","msg":"audit","audit":true,"action":"resource_create","domain_id":"aa75a156-2096-4a34-a570-7cb62b0452a9","resource_id":"bb4a70db-80c0-4fbd-8f89-5497de3af2e8"}
{"time":"2026-04-29T19:28:01.661847819-03:00","level":"INFO","msg":"audit","audit":true,"action":"domain_create","domain_id":"ee29e691-646a-43ea-8b17-06ed14a18c27"}
{"time":"2026-04-29T19:28:01.673756532-03:00","level":"INFO","msg":"audit","audit":true,"action":"access_type_create","domain_id":"ee29e691-646a-43ea-8b17-06ed14a18c27","access_type_id":"66218199-cec4-40ed-b3aa-40a8b65b66ac","bit":1}
{"time":"2026-04-29T19:28:01.68412229-03:00","level":"INFO","msg":"audit","audit":true,"action":"access_type_create","domain_id":"ee29e691-646a-43ea-8b17-06ed14a18c27","access_type_id":"37098ea5-5e47-481c-97ac-d669da980883","bit":2}
{"time":"2026-04-29T19:28:01.693297154-03:00","level":"INFO","msg":"audit","audit":true,"action":"access_type_create","domain_id":"ee29e691-646a-43ea-8b17-06ed14a18c27","access_type_id":"c7af77b0-a27b-4aec-8f10-52bcda005614","bit":4}
{"time":"2026-04-29T19:28:01.857401298-03:00","level":"INFO","msg":"audit","audit":true,"action":"domain_create","domain_id":"1b809ed7-c297-436b-8ece-65ac9d937210"}
{"time":"2026-04-29T19:28:01.863927653-03:00","level":"INFO","msg":"audit","audit":true,"action":"domain_create","domain_id":"275dd595-63c6-4935-8a4b-2a9f07a4b702"}
{"time":"2026-04-29T19:28:01.870139809-03:00","level":"INFO","msg":"audit","audit":true,"action":"domain_create","domain_id":"310133ff-82a0-434a-a957-3031dc2864f6"}
{"time":"2026-04-29T19:28:02.034921805-03:00","level":"INFO","msg":"audit","audit":true,"action":"domain_create","domain_id":"64225f8d-d9e5-4a29-a829-ba81046b5184"}
{"time":"2026-04-29T19:28:02.043004269-03:00","level":"INFO","msg":"audit","audit":true,"action":"domain_create","domain_id":"47d73ad7-6771-40de-8165-b7b8e014592a"}
{"time":"2026-04-29T19:28:02.049099485-03:00","level":"INFO","msg":"audit","audit":true,"action":"domain_create","domain_id":"5ff2660c-873d-4eab-9695-83d8d34cead1"}
{"time":"2026-04-29T19:28:02.213836677-03:00","level":"INFO","msg":"audit","audit":true,"action":"domain_create","domain_id":"445f3115-2065-43a5-8cdd-d4cdd7c8dfc6"}
{"time":"2026-04-29T19:28:02.376124223-03:00","level":"INFO","msg":"audit","audit":true,"action":"domain_create","domain_id":"cf645e52-802c-4682-8924-165dd6a892fc"}
{"time":"2026-04-29T19:28:02.382934431-03:00","level":"INFO","msg":"audit","audit":true,"action":"domain_create","domain_id":"77487532-daef-4b37-8007-b0d540d9d143"}
{"time":"2026-04-29T19:28:02.389119295-03:00","level":"INFO","msg":"audit","audit":true,"action":"domain_create","domain_id":"091ef0a9-4984-4ea7-9291-d0f38391e15a"}
{"time":"2026-04-29T19:28:02.86634944-03:00","level":"INFO","msg":"audit","audit":true,"action":"domain_create","domain_id":"1f1edf77-e927-4c47-8356-da99674d68b4"}
{"time":"2026-04-29T19:28:02.874351053-03:00","level":"INFO","msg":"audit","audit":true,"action":"resource_create","domain_id":"1f1edf77-e927-4c47-8356-da99674d68b4","resource_id":"b2ae071b-e470-4a5d-89b5-aa21e234499b"}
{"time":"2026-04-29T19:28:02.88094285-03:00","level":"INFO","msg":"audit","audit":true,"action":"resource_create","domain_id":"1f1edf77-e927-4c47-8356-da99674d68b4","resource_id":"bf79b824-7f57-453e-8a6f-e5b89fd36fb0"}
{"time":"2026-04-29T19:28:02.887916995-03:00","level":"INFO","msg":"audit","audit":true,"action":"permission_create","domain_id":"1f1edf77-e927-4c47-8356-da99674d68b4","permission_id":"1853d8ff-d2c5-4bc1-ac9a-84587d0d39a6","resource_id":"bf79b824-7f57-453e-8a6f-e5b89fd36fb0","access_mask":1}
{"time":"2026-04-29T19:28:02.894990096-03:00","level":"INFO","msg":"audit","audit":true,"action":"permission_create","domain_id":"1f1edf77-e927-4c47-8356-da99674d68b4","permission_id":"05034d88-3c9b-4be8-804a-ff15a181f7b2","resource_id":"b2ae071b-e470-4a5d-89b5-aa21e234499b","access_mask":2}
{"time":"2026-04-29T19:28:03.058965168-03:00","level":"INFO","msg":"audit","audit":true,"action":"domain_create","domain_id":"399ac20c-8afc-4a3a-8c93-5840a6a41b8e"}
{"time":"2026-04-29T19:28:03.226849715-03:00","level":"INFO","msg":"audit","audit":true,"action":"domain_create","domain_id":"e299a10b-a115-4257-9c39-29e6aca388b5"}
{"time":"2026-04-29T19:28:03.236260572-03:00","level":"INFO","msg":"audit","audit":true,"action":"access_type_create","domain_id":"e299a10b-a115-4257-9c39-29e6aca388b5","access_type_id":"861d75dc-005d-4ab9-bc52-f32546dccd68","bit":1}
{"time":"2026-04-29T19:28:03.245267241-03:00","level":"INFO","msg":"audit","audit":true,"action":"access_type_create","domain_id":"e299a10b-a115-4257-9c39-29e6aca388b5","access_type_id":"6608e5b2-051a-434b-a407-5efbdddc25e2","bit":2}
{"time":"2026-04-29T19:28:03.253814587-03:00","level":"INFO","msg":"audit","audit":true,"action":"access_type_create","domain_id":"e299a10b-a115-4257-9c39-29e6aca388b5","access_type_id":"3aba1dd5-afbd-44b5-b500-c9d2ee9ab9ff","bit":4}
{"time":"2026-04-29T19:28:03.425293338-03:00","level":"INFO","msg":"audit","audit":true,"action":"domain_create","domain_id":"f0ab1d33-4632-46c5-9a7e-a73515ea89ce"}
{"time":"2026-04-29T19:28:03.435425458-03:00","level":"INFO","msg":"audit","audit":true,"action":"user_create","domain_id":"f0ab1d33-4632-46c5-9a7e-a73515ea89ce","user_id":"3b310256-27b0-497b-8854-0b442fc3d285"}
{"time":"2026-04-29T19:28:03.443815179-03:00","level":"INFO","msg":"audit","audit":true,"action":"user_create","domain_id":"f0ab1d33-4632-46c5-9a7e-a73515ea89ce","user_id":"fc62657c-8dd5-41f7-bd7f-e83599bcf0cb"}
{"time":"2026-04-29T19:28:03.450902867-03:00","level":"INFO","msg":"audit","audit":true,"action":"user_create","domain_id":"f0ab1d33-4632-46c5-9a7e-a73515ea89ce","user_id":"a85a4fb2-32dc-4d7c-b842-841a9949e40c"}
{"time":"2026-04-29T19:28:03.626372535-03:00","level":"INFO","msg":"audit","audit":true,"action":"domain_create","domain_id":"4556ec4b-1518-4bf6-8c34-78c373515634"}
{"time":"2026-04-29T19:28:03.632869285-03:00","level":"INFO","msg":"audit","audit":true,"action":"group_create","domain_id":"4556ec4b-1518-4bf6-8c34-78c373515634","group_id":"a596e5a5-fb8b-4486-95b4-39b329b8e3dd","parent_root":true}
{"time":"2026-04-29T19:28:03.639199582-03:00","level":"INFO","msg":"audit","audit":true,"action":"group_create","domain_id":"4556ec4b-1518-4bf6-8c34-78c373515634","group_id":"debe9bbc-2626-42de-8971-2752d601fd95","parent_root":true}
{"time":"2026-04-29T19:28:03.64590391-03:00","level":"INFO","msg":"audit","audit":true,"action":"group_create","domain_id":"4556ec4b-1518-4bf6-8c34-78c373515634","group_id":"e91375b3-0737-4421-8765-0eeb8dceffe6","parent_root":true}
{"time":"2026-04-29T19:28:03.82225387-03:00","level":"INFO","msg":"audit","audit":true,"action":"domain_create","domain_id":"4cf6e16c-19ba-47ce-8c24-f4aad6986f92"}
{"time":"2026-04-29T19:28:03.829100807-03:00","level":"INFO","msg":"audit","audit":true,"action":"resource_create","domain_id":"4cf6e16c-19ba-47ce-8c24-f4aad6986f92","resource_id":"19c03851-255a-481a-9b84-9f92e1038ad8"}
{"time":"2026-04-29T19:28:03.83578647-03:00","level":"INFO","msg":"audit","audit":true,"action":"resource_create","domain_id":"4cf6e16c-19ba-47ce-8c24-f4aad6986f92","resource_id":"d1001233-63a1-4e77-8631-ddb0b4d202d8"}
{"time":"2026-04-29T19:28:03.844006303-03:00","level":"INFO","msg":"audit","audit":true,"action":"resource_create","domain_id":"4cf6e16c-19ba-47ce-8c24-f4aad6986f92","resource_id":"605f4c62-6d5d-492a-8336-f27ceaaad1ae"}
{"time":"2026-04-29T19:28:04.027161992-03:00","level":"INFO","msg":"audit","audit":true,"action":"domain_create","domain_id":"74f02534-6f72-4793-9905-2dc5c566f3d3"}
{"time":"2026-04-29T19:28:04.035241721-03:00","level":"INFO","msg":"audit","audit":true,"action":"access_type_create","domain_id":"74f02534-6f72-4793-9905-2dc5c566f3d3","access_type_id":"588aac1d-534b-466d-a15c-6e5a445bac95","bit":1}
{"time":"2026-04-29T19:28:04.046371593-03:00","level":"INFO","msg":"audit","audit":true,"action":"access_type_create","domain_id":"74f02534-6f72-4793-9905-2dc5c566f3d3","access_type_id":"42fee638-0e9f-4d0c-b46a-b490b782cd17","bit":2}
{"time":"2026-04-29T19:28:04.056403355-03:00","level":"INFO","msg":"audit","audit":true,"action":"access_type_create","domain_id":"74f02534-6f72-4793-9905-2dc5c566f3d3","access_type_id":"0dc67f83-4d93-491f-bf86-8baeda7ad9a8","bit":4}
{"time":"2026-04-29T19:28:04.232874702-03:00","level":"INFO","msg":"audit","audit":true,"action":"domain_create","domain_id":"bd79e7a3-9282-4bba-8a20-77e4a03bee9a"}
{"time":"2026-04-29T19:28:04.403134376-03:00","level":"INFO","msg":"audit","audit":true,"action":"domain_create","domain_id":"83958995-ad27-4f33-a968-24a1a956fa2e"}
{"time":"2026-04-29T19:28:04.575483179-03:00","level":"INFO","msg":"audit","audit":true,"action":"domain_create","domain_id":"e49b6bcb-3f8e-4dc5-8e67-a5e400ad070c"}
{"time":"2026-04-29T19:28:04.736091805-03:00","level":"INFO","msg":"audit","audit":true,"action":"domain_create","domain_id":"929f7c23-4dbe-455f-90cf-90abe17bbdec"}
{"time":"2026-04-29T19:28:04.895890712-03:00","level":"INFO","msg":"audit","audit":true,"action":"domain_create","domain_id":"9652a25e-0ff2-4729-8809-329f804cdbe8"}
{"time":"2026-04-29T19:28:05.057116135-03:00","level":"INFO","msg":"audit","audit":true,"action":"domain_create","domain_id":"5d17c44a-2305-4366-9907-c22868bba6b4"}
{"time":"2026-04-29T19:28:05.219895313-03:00","level":"INFO","msg":"audit","audit":true,"action":"domain_create","domain_id":"c565d802-9d98-4c39-802c-d2b44a138af3"}
{"time":"2026-04-29T19:28:05.389365486-03:00","level":"INFO","msg":"audit","audit":true,"action":"domain_create","domain_id":"8b5a1662-189a-427e-af2c-754273e8892d"}
--- FAIL: TestParseUint64Validated (0.00s)
    --- FAIL: TestParseUint64Validated/octal_rejected (0.00s)
        server_test.go:4517: err = <nil>, want invalid numeric value
{"time":"2026-04-29T19:28:05.563219062-03:00","level":"INFO","msg":"audit","audit":true,"action":"domain_create","domain_id":"2524b5b9-3edf-48e7-a045-d9da511a13cf"}
{"time":"2026-04-29T19:28:05.573276632-03:00","level":"INFO","msg":"audit","audit":true,"action":"resource_create","domain_id":"2524b5b9-3edf-48e7-a045-d9da511a13cf","resource_id":"77e5de02-5066-4bd8-99f2-241a99ee2555"}
{"time":"2026-04-29T19:28:05.582399468-03:00","level":"INFO","msg":"audit","audit":true,"action":"access_type_create","domain_id":"2524b5b9-3edf-48e7-a045-d9da511a13cf","access_type_id":"60868d97-55b5-47dc-bc71-1e6a29223e7d","bit":1}
{"time":"2026-04-29T19:28:05.590817212-03:00","level":"INFO","msg":"audit","audit":true,"action":"permission_create","domain_id":"2524b5b9-3edf-48e7-a045-d9da511a13cf","permission_id":"0e8668ed-73ef-44b3-98c3-376053893e85","resource_id":"77e5de02-5066-4bd8-99f2-241a99ee2555","access_mask":1}
{"time":"2026-04-29T19:28:05.768286903-03:00","level":"INFO","msg":"audit","audit":true,"action":"domain_create","domain_id":"08d8a24d-aefb-410a-b0f5-4edb66af755f"}
FAIL
FAIL	github.com/dtorabi/access-manager/internal/api	25.828s
ok  	github.com/dtorabi/access-manager/internal/config	1.029s
ok  	github.com/dtorabi/access-manager/internal/database	1.228s
ok  	github.com/dtorabi/access-manager/internal/logger	1.017s
ok  	github.com/dtorabi/access-manager/internal/store	1.019s
ok  	github.com/dtorabi/access-manager/internal/store/sqlite	27.691s
ok  	github.com/dtorabi/access-manager/internal/testutil	1.016s
FAIL
make[1]: *** [Makefile:17: test] Error 1
make[1]: Leaving directory '/home/danto/prj/access-manager/go'
make: *** [Makefile:6: test] Error 2
